Archive member included to satisfy reference by file (symbol)

H:/ALL_LI~2/CLION_~1/ARM-NO~1.3/142BCE~1.3RE/bin/../lib/gcc/arm-none-eabi/14.3.1/../../../../arm-none-eabi/lib/thumb/v7e-m+fp/hard\libstdc++_nano.a(new_op.o)
                              CMakeFiles/EbikeDriver-Demo1.dir/Lib/Motor/Motor_Manager/Motor_API.cpp.obj (operator new(unsigned int))
H:/ALL_LI~2/CLION_~1/ARM-NO~1.3/142BCE~1.3RE/bin/../lib/gcc/arm-none-eabi/14.3.1/../../../../arm-none-eabi/lib/thumb/v7e-m+fp/hard\libstdc++_nano.a(new_handler.o)
                              H:/ALL_LI~2/CLION_~1/ARM-NO~1.3/142BCE~1.3RE/bin/../lib/gcc/arm-none-eabi/14.3.1/../../../../arm-none-eabi/lib/thumb/v7e-m+fp/hard\libstdc++_nano.a(new_op.o) (std::get_new_handler())
H:/ALL_LI~2/CLION_~1/ARM-NO~1.3/142BCE~1.3RE/bin/../lib/gcc/arm-none-eabi/14.3.1/../../../../arm-none-eabi/lib/thumb/v7e-m+fp/hard\libm.a(libm_a-wf_log.o)
                              CMakeFiles/EbikeDriver-Demo1.dir/Lib/Motor/Motor_Manager/Motor_Manager.cpp.obj (logf)
H:/ALL_LI~2/CLION_~1/ARM-NO~1.3/142BCE~1.3RE/bin/../lib/gcc/arm-none-eabi/14.3.1/../../../../arm-none-eabi/lib/thumb/v7e-m+fp/hard\libm.a(libm_a-sf_cos.o)
                              CMakeFiles/EbikeDriver-Demo1.dir/Lib/Motor/Motor_Control/Motor_Control.cpp.obj (cosf)
H:/ALL_LI~2/CLION_~1/ARM-NO~1.3/142BCE~1.3RE/bin/../lib/gcc/arm-none-eabi/14.3.1/../../../../arm-none-eabi/lib/thumb/v7e-m+fp/hard\libm.a(libm_a-sf_sin.o)
                              CMakeFiles/EbikeDriver-Demo1.dir/Lib/Motor/Motor_Control/Motor_Control.cpp.obj (sinf)
H:/ALL_LI~2/CLION_~1/ARM-NO~1.3/142BCE~1.3RE/bin/../lib/gcc/arm-none-eabi/14.3.1/../../../../arm-none-eabi/lib/thumb/v7e-m+fp/hard\libm.a(libm_a-sf_nan.o)
                              H:/ALL_LI~2/CLION_~1/ARM-NO~1.3/142BCE~1.3RE/bin/../lib/gcc/arm-none-eabi/14.3.1/../../../../arm-none-eabi/lib/thumb/v7e-m+fp/hard\libm.a(libm_a-wf_log.o) (nanf)
H:/ALL_LI~2/CLION_~1/ARM-NO~1.3/142BCE~1.3RE/bin/../lib/gcc/arm-none-eabi/14.3.1/../../../../arm-none-eabi/lib/thumb/v7e-m+fp/hard\libm.a(libm_a-kf_cos.o)
                              H:/ALL_LI~2/CLION_~1/ARM-NO~1.3/142BCE~1.3RE/bin/../lib/gcc/arm-none-eabi/14.3.1/../../../../arm-none-eabi/lib/thumb/v7e-m+fp/hard\libm.a(libm_a-sf_cos.o) (__kernel_cosf)
H:/ALL_LI~2/CLION_~1/ARM-NO~1.3/142BCE~1.3RE/bin/../lib/gcc/arm-none-eabi/14.3.1/../../../../arm-none-eabi/lib/thumb/v7e-m+fp/hard\libm.a(libm_a-kf_sin.o)
                              H:/ALL_LI~2/CLION_~1/ARM-NO~1.3/142BCE~1.3RE/bin/../lib/gcc/arm-none-eabi/14.3.1/../../../../arm-none-eabi/lib/thumb/v7e-m+fp/hard\libm.a(libm_a-sf_cos.o) (__kernel_sinf)
H:/ALL_LI~2/CLION_~1/ARM-NO~1.3/142BCE~1.3RE/bin/../lib/gcc/arm-none-eabi/14.3.1/../../../../arm-none-eabi/lib/thumb/v7e-m+fp/hard\libm.a(libm_a-ef_log.o)
                              H:/ALL_LI~2/CLION_~1/ARM-NO~1.3/142BCE~1.3RE/bin/../lib/gcc/arm-none-eabi/14.3.1/../../../../arm-none-eabi/lib/thumb/v7e-m+fp/hard\libm.a(libm_a-wf_log.o) (__ieee754_logf)
H:/ALL_LI~2/CLION_~1/ARM-NO~1.3/142BCE~1.3RE/bin/../lib/gcc/arm-none-eabi/14.3.1/../../../../arm-none-eabi/lib/thumb/v7e-m+fp/hard\libm.a(libm_a-ef_rem_pio2.o)
                              H:/ALL_LI~2/CLION_~1/ARM-NO~1.3/142BCE~1.3RE/bin/../lib/gcc/arm-none-eabi/14.3.1/../../../../arm-none-eabi/lib/thumb/v7e-m+fp/hard\libm.a(libm_a-sf_cos.o) (__ieee754_rem_pio2f)
H:/ALL_LI~2/CLION_~1/ARM-NO~1.3/142BCE~1.3RE/bin/../lib/gcc/arm-none-eabi/14.3.1/../../../../arm-none-eabi/lib/thumb/v7e-m+fp/hard\libm.a(libm_a-sf_fabs.o)
                              H:/ALL_LI~2/CLION_~1/ARM-NO~1.3/142BCE~1.3RE/bin/../lib/gcc/arm-none-eabi/14.3.1/../../../../arm-none-eabi/lib/thumb/v7e-m+fp/hard\libm.a(libm_a-ef_rem_pio2.o) (fabsf)
H:/ALL_LI~2/CLION_~1/ARM-NO~1.3/142BCE~1.3RE/bin/../lib/gcc/arm-none-eabi/14.3.1/../../../../arm-none-eabi/lib/thumb/v7e-m+fp/hard\libm.a(libm_a-kf_rem_pio2.o)
                              H:/ALL_LI~2/CLION_~1/ARM-NO~1.3/142BCE~1.3RE/bin/../lib/gcc/arm-none-eabi/14.3.1/../../../../arm-none-eabi/lib/thumb/v7e-m+fp/hard\libm.a(libm_a-ef_rem_pio2.o) (__kernel_rem_pio2f)
H:/ALL_LI~2/CLION_~1/ARM-NO~1.3/142BCE~1.3RE/bin/../lib/gcc/arm-none-eabi/14.3.1/../../../../arm-none-eabi/lib/thumb/v7e-m+fp/hard\libm.a(libm_a-sf_scalbn.o)
                              H:/ALL_LI~2/CLION_~1/ARM-NO~1.3/142BCE~1.3RE/bin/../lib/gcc/arm-none-eabi/14.3.1/../../../../arm-none-eabi/lib/thumb/v7e-m+fp/hard\libm.a(libm_a-kf_rem_pio2.o) (scalbnf)
H:/ALL_LI~2/CLION_~1/ARM-NO~1.3/142BCE~1.3RE/bin/../lib/gcc/arm-none-eabi/14.3.1/../../../../arm-none-eabi/lib/thumb/v7e-m+fp/hard\libm.a(libm_a-sf_floor.o)
                              H:/ALL_LI~2/CLION_~1/ARM-NO~1.3/142BCE~1.3RE/bin/../lib/gcc/arm-none-eabi/14.3.1/../../../../arm-none-eabi/lib/thumb/v7e-m+fp/hard\libm.a(libm_a-kf_rem_pio2.o) (floorf)
H:/ALL_LI~2/CLION_~1/ARM-NO~1.3/142BCE~1.3RE/bin/../lib/gcc/arm-none-eabi/14.3.1/thumb/v7e-m+fp/hard\libgcc.a(_aeabi_uldivmod.o)
[...]
Memory Configuration

Name             Origin             Length             Attributes
RAM              0x20000000         0x00008000         xrw
FLASH            0x08000000         0x00020000         xr
*default*        0x00000000         0xffffffff

Linker script and memory map

LOAD H:/ALL_LI~2/CLION_~1/ARM-NO~1.3/142BCE~1.3RE/bin/../lib/gcc/arm-none-eabi/14.3.1/thumb/v7e-m+fp/hard/crti.o
LOAD H:/ALL_LI~2/CLION_~1/ARM-NO~1.3/142BCE~1.3RE/bin/../lib/gcc/arm-none-eabi/14.3.1/thumb/v7e-m+fp/hard/crtbegin.o
LOAD H:/ALL_LI~2/CLION_~1/ARM-NO~1.3/142BCE~1.3RE/bin/../lib/gcc/arm-none-eabi/14.3.1/../../../../arm-none-eabi/lib/thumb/v7e-m+fp/hard/crt0.o
LOAD cmake/stm32cubemx/CMakeFiles/STM32_Drivers.dir/__/__/Core/Src/system_stm32g4xx.c.obj
LOAD cmake/stm32cubemx/CMakeFiles/STM32_Drivers.dir/__/__/Drivers/STM32G4xx_HAL_Driver/Src/stm32g4xx_hal_adc.c.obj
LOAD cmake/stm32cubemx/CMakeFiles/STM32_Drivers.dir/__/__/Drivers/STM32G4xx_HAL_Driver/Src/stm32g4xx_hal_adc_ex.c.obj
LOAD cmake/stm32cubemx/CMakeFiles/STM32_Drivers.dir/__/__/Drivers/STM32G4xx_HAL_Driver/Src/stm32g4xx_ll_adc.c.obj
LOAD cmake/stm32cubemx/CMakeFiles/STM32_Drivers.dir/__/__/Drivers/STM32G4xx_HAL_Driver/Src/stm32g4xx_hal.c.obj
LOAD cmake/stm32cubemx/CMakeFiles/STM32_Drivers.dir/__/__/Drivers/STM32G4xx_HAL_Driver/Src/stm32g4xx_hal_rcc.c.obj
LOAD cmake/stm32cubemx/CMakeFiles/STM32_Drivers.dir/__/__/Drivers/STM32G4xx_HAL_Driver/Src/stm32g4xx_hal_rcc_ex.c.obj
LOAD cmake/stm32cubemx/CMakeFiles/STM32_Drivers.dir/__/__/Drivers/STM32G4xx_HAL_Driver/Src/stm32g4xx_hal_flash.c.obj
LOAD cmake/stm32cubemx/CMakeFiles/STM32_Drivers.dir/__/__/Drivers/STM32G4xx_HAL_Driver/Src/stm32g4xx_hal_flash_ex.c.obj
LOAD cmake/stm32cubemx/CMakeFiles/STM32_Drivers.dir/__/__/Drivers/STM32G4xx_HAL_Driver/Src/stm32g4xx_hal_flash_ramfunc.c.obj
LOAD cmake/stm32cubemx/CMakeFiles/STM32_Drivers.dir/__/__/Drivers/STM32G4xx_HAL_Driver/Src/stm32g4xx_hal_gpio.c.obj
LOAD cmake/stm32cubemx/CMakeFiles/STM32_Drivers.dir/__/__/Drivers/STM32G4xx_HAL_Driver/Src/stm32g4xx_hal_exti.c.obj
LOAD cmake/stm32cubemx/CMakeFiles/STM32_Drivers.dir/__/__/Drivers/STM32G4xx_HAL_Driver/Src/stm32g4xx_hal_dma.c.obj
LOAD cmake/stm32cubemx/CMakeFiles/STM32_Drivers.dir/__/__/Drivers/STM32G4xx_HAL_Driver/Src/stm32g4xx_hal_dma_ex.c.obj
LOAD cmake/stm32cubemx/CMakeFiles/STM32_Drivers.dir/__/__/Drivers/STM32G4xx_HAL_Driver/Src/stm32g4xx_hal_pwr.c.obj
LOAD cmake/stm32cubemx/CMakeFiles/STM32_Drivers.dir/__/__/Drivers/STM32G4xx_HAL_Driver/Src/stm32g4xx_hal_pwr_ex.c.obj
LOAD cmake/stm32cubemx/CMakeFiles/STM32_Drivers.dir/__/__/Drivers/STM32G4xx_HAL_Driver/Src/stm32g4xx_hal_cortex.c.obj
LOAD cmake/stm32cubemx/CMakeFiles/STM32_Drivers.dir/__/__/Drivers/STM32G4xx_HAL_Driver/Src/stm32g4xx_hal_tim.c.obj
LOAD cmake/stm32cubemx/CMakeFiles/STM32_Drivers.dir/__/__/Drivers/STM32G4xx_HAL_Driver/Src/stm32g4xx_hal_tim_ex.c.obj
LOAD cmake/stm32cubemx/CMakeFiles/STM32_Drivers.dir/__/__/Drivers/STM32G4xx_HAL_Driver/Src/stm32g4xx_hal_uart.c.obj
LOAD cmake/stm32cubemx/CMakeFiles/STM32_Drivers.dir/__/__/Drivers/STM32G4xx_HAL_Driver/Src/stm32g4xx_hal_uart_ex.c.obj
LOAD CMakeFiles/EbikeDriver-Demo1.dir/Core/Src/main.c.obj
LOAD CMakeFiles/EbikeDriver-Demo1.dir/Core/Src/stm32g4xx_it.c.obj
LOAD CMakeFiles/EbikeDriver-Demo1.dir/Core/Src/stm32g4xx_hal_msp.c.obj
LOAD CMakeFiles/EbikeDriver-Demo1.dir/Core/Src/sysmem.c.obj
LOAD CMakeFiles/EbikeDriver-Demo1.dir/Core/Src/syscalls.c.obj
LOAD CMakeFiles/EbikeDriver-Demo1.dir/startup_stm32g431xx.s.obj
LOAD CMakeFiles/EbikeDriver-Demo1.dir/BSP/Communication/VOFA+/BSP_VOFA.c.obj
LOAD CMakeFiles/EbikeDriver-Demo1.dir/BSP/Signal/Led/BSP_Led.c.obj
LOAD CMakeFiles/EbikeDriver-Demo1.dir/Lib/Motor/Motor_Observer/HFI/HFI.c.obj
LOAD CMakeFiles/EbikeDriver-Demo1.dir/Lib/Motor/Motor_Observer/SMO/MSO.c.obj
LOAD CMakeFiles/EbikeDriver-Demo1.dir/Platform/Communication/VOFA+/Platform_VOFA.c.obj
LOAD CMakeFiles/EbikeDriver-Demo1.dir/BSP/Motor/BSP_Motor.cpp.obj
LOAD CMakeFiles/EbikeDriver-Demo1.dir/Lib/Motor/Motor_Control/Motor_Control.cpp.obj
LOAD CMakeFiles/EbikeDriver-Demo1.dir/Lib/Motor/Motor_Debug/Motor_.cpp.obj
LOAD CMakeFiles/EbikeDriver-Demo1.dir/Lib/Motor/Motor_Manager/Motor_API.cpp.obj
LOAD CMakeFiles/EbikeDriver-Demo1.dir/Lib/Motor/Motor_Manager/Motor_FSM.cpp.obj
LOAD CMakeFiles/EbikeDriver-Demo1.dir/Lib/Motor/Motor_Manager/Motor_Manager.cpp.obj
LOAD CMakeFiles/EbikeDriver-Demo1.dir/Lib/Motor/Motor_Safety/Motor_.cpp.obj
LOAD CMakeFiles/EbikeDriver-Demo1.dir/Lib/Motor/Motor_Uitls/LowPassFilter.cpp.obj
LOAD CMakeFiles/EbikeDriver-Demo1.dir/Platform/Motor/Platfrom_Motor.cpp.obj
LOAD CMakeFiles/EbikeDriver-Demo1.dir/UserApp/UserAPP.cpp.obj
LOAD H:/ALL_LI~2/CLION_~1/ARM-NO~1.3/142BCE~1.3RE/bin/../lib/gcc/arm-none-eabi/14.3.1/../../../../arm-none-eabi/lib/thumb/v7e-m+fp/hard\libstdc++_nano.a
LOAD H:/ALL_LI~2/CLION_~1/ARM-NO~1.3/142BCE~1.3RE/bin/../lib/gcc/arm-none-eabi/14.3.1/../../../../arm-none-eabi/lib/thumb/v7e-m+fp/hard\libm.a
START GROUP
LOAD H:/ALL_LI~2/CLION_~1/ARM-NO~1.3/142BCE~1.3RE/bin/../lib/gcc/arm-none-eabi/14.3.1/thumb/v7e-m+fp/hard\libgcc.a
LOAD H:/ALL_LI~2/CLION_~1/ARM-NO~1.3/142BCE~1.3RE/bin/../lib/gcc/arm-none-eabi/14.3.1/../../../../arm-none-eabi/lib/thumb/v7e-m+fp/hard\libg_nano.a
LOAD H:/ALL_LI~2/CLION_~1/ARM-NO~1.3/142BCE~1.3RE/bin/../lib/gcc/arm-none-eabi/14.3.1/../../../../arm-none-eabi/lib/thumb/v7e-m+fp/hard\libc_nano.a
END GROUP
START GROUP
LOAD H:/ALL_LI~2/CLION_~1/ARM-NO~1.3/142BCE~1.3RE/bin/../lib/gcc/arm-none-eabi/14.3.1/thumb/v7e-m+fp/hard\libgcc.a
LOAD H:/ALL_LI~2/CLION_~1/ARM-NO~1.3/142BCE~1.3RE/bin/../lib/gcc/arm-none-eabi/14.3.1/../../../../arm-none-eabi/lib/thumb/v7e-m+fp/hard\libc_nano.a
END GROUP
LOAD H:/ALL_LI~2/CLION_~1/ARM-NO~1.3/142BCE~1.3RE/bin/../lib/gcc/arm-none-eabi/14.3.1/thumb/v7e-m+fp/hard/crtend.o
LOAD H:/ALL_LI~2/CLION_~1/ARM-NO~1.3/142BCE~1.3RE/bin/../lib/gcc/arm-none-eabi/14.3.1/thumb/v7e-m+fp/hard/crtn.o
                0x20008000                        _estack = (ORIGIN (RAM) + LENGTH (RAM))
                0x00000200                        _Min_Heap_Size = 0x200
                0x00000400                        _Min_Stack_Size = 0x400

.isr_vector     0x08000000      0x1d8
                0x08000000                        . = ALIGN (0x4)
 *(.isr_vector)
 .isr_vector    0x08000000      0x1d8 CMakeFiles/EbikeDriver-Demo1.dir/startup_stm32g431xx.s.obj
                0x08000000                g_pfnVectors
                0x080001d8                        . = ALIGN (0x4)

.text           0x080001d8     0xb404
                0x080001d8                        . = ALIGN (0x4)
 *(.text)
 .text          0x080001d8       0x30 H:/ALL_LI~2/CLION_~1/ARM-NO~1.3/142BCE~1.3RE/bin/../lib/gcc/arm-none-eabi/14.3.1/thumb/v7e-m+fp/hard\libgcc.a(_aeabi_uldivmod.o)
                0x080001d8                __aeabi_uldivmod
 .text          0x08000208        0x4 H:/ALL_LI~2/CLION_~1/ARM-NO~1.3/142BCE~1.3RE/bin/../lib/gcc/arm-none-eabi/14.3.1/thumb/v7e-m+fp/hard\libgcc.a(_dvmd_tls.o)
                0x08000208                __aeabi_idiv0
                0x08000208                __aeabi_ldiv0
 *(.text*)
 .text.deregister_tm_clones
                0x0800020c       0x1c H:/ALL_LI~2/CLION_~1/ARM-NO~1.3/142BCE~1.3RE/bin/../lib/gcc/arm-none-eabi/14.3.1/thumb/v7e-m+fp/hard/crtbegin.o
 .text.register_tm_clones
                0x08000228       0x24 H:/ALL_LI~2/CLION_~1/ARM-NO~1.3/142BCE~1.3RE/bin/../lib/gcc/arm-none-eabi/14.3.1/thumb/v7e-m+fp/hard/crtbegin.o
 .text.__do_global_dtors_aux
                0x0800024c       0x28 H:/ALL_LI~2/CLION_~1/ARM-NO~1.3/142BCE~1.3RE/bin/../lib/gcc/arm-none-eabi/14.3.1/thumb/v7e-m+fp/hard/crtbegin.o
 .text.frame_dummy
                0x08000274       0x24 H:/ALL_LI~2/CLION_~1/ARM-NO~1.3/142BCE~1.3RE/bin/../lib/gcc/arm-none-eabi/14.3.1/thumb/v7e-m+fp/hard/crtbegin.o
 .text.SystemInit
                0x08000298       0x24 cmake/stm32cubemx/CMakeFiles/STM32_Drivers.dir/__/__/Core/Src/system_stm32g4xx.c.obj
                0x08000298                SystemInit
 .text.LL_ADC_SetCommonClock
                0x080002bc       0x26 cmake/stm32cubemx/CMakeFiles/STM32_Drivers.dir/__/__/Drivers/STM32G4xx_HAL_Driver/Src/stm32g4xx_hal_adc.c.obj
 .text.LL_ADC_SetCommonPathInternalCh
                0x080002e2       0x26 cmake/stm32cubemx/CMakeFiles/STM32_Drivers.dir/__/__/Drivers/STM32G4xx_HAL_Driver/Src/stm32g4xx_hal_adc.c.obj
 .text.LL_ADC_GetCommonPathInternalCh
                0x08000308       0x1c cmake/stm32cubemx/CMakeFiles/STM32_Drivers.dir/__/__/Drivers/STM32G4xx_HAL_Driver/Src/stm32g4xx_hal_adc.c.obj
 .text.LL_ADC_SetOffset
                0x08000324       0x48 cmake/stm32cubemx/CMakeFiles/STM32_Drivers.dir/__/__/Drivers/STM32G4xx_HAL_Driver/Src/stm32g4xx_hal_adc.c.obj
 .text.LL_ADC_GetOffsetChannel
                0x0800036c       0x2c cmake/stm32cubemx/CMakeFiles/STM32_Drivers.dir/__/__/Drivers/STM32G4xx_HAL_Driver/Src/stm32g4xx_hal_adc.c.obj
 .text.LL_ADC_SetOffsetState
                0x08000398       0x36 cmake/stm32cubemx/CMakeFiles/STM32_Drivers.dir/__/__/Drivers/STM32G4xx_HAL_Driver/Src/stm32g4xx_hal_adc.c.obj
 .text.LL_ADC_SetOffsetSign
                0x080003ce       0x36 cmake/stm32cubemx/CMakeFiles/STM32_Drivers.dir/__/__/Drivers/STM32G4xx_HAL_Driver/Src/stm32g4xx_hal_adc.c.obj
 .text.LL_ADC_SetOffsetSaturation
                0x08000404       0x36 cmake/stm32cubemx/CMakeFiles/STM32_Drivers.dir/__/__/Drivers/STM32G4xx_HAL_Driver/Src/stm32g4xx_hal_adc.c.obj
 .text.LL_ADC_SetSamplingTimeCommonConfig
                0x0800043a       0x26 cmake/stm32cubemx/CMakeFiles/STM32_Drivers.dir/__/__/Drivers/STM32G4xx_HAL_Driver/Src/stm32g4xx_hal_adc.c.obj
 .text.LL_ADC_REG_IsTriggerSourceSWStart
                0x08000460       0x26 cmake/stm32cubemx/CMakeFiles/STM32_Drivers.dir/__/__/Drivers/STM32G4xx_HAL_Driver/Src/stm32g4xx_hal_adc.c.obj
 .text.LL_ADC_REG_SetSequencerRanks
                0x08000486       0x58 cmake/stm32cubemx/CMakeFiles/STM32_Drivers.dir/__/__/Drivers/STM32G4xx_HAL_Driver/Src/stm32g4xx_hal_adc.c.obj
 .text.LL_ADC_INJ_IsTriggerSourceSWStart
                0x080004de       0x26 cmake/stm32cubemx/CMakeFiles/STM32_Drivers.dir/__/__/Drivers/STM32G4xx_HAL_Driver/Src/stm32g4xx_hal_adc.c.obj
 .text.LL_ADC_SetChannelSamplingTime
                0x08000504       0x56 cmake/stm32cubemx/CMakeFiles/STM32_Drivers.dir/__/__/Drivers/STM32G4xx_HAL_Driver/Src/stm32g4xx_hal_adc.c.obj
 *fill*         0x0800055a        0x2 
 .text.LL_ADC_SetChannelSingleDiff
                0x0800055c       0x48 cmake/stm32cubemx/CMakeFiles/STM32_Drivers.dir/__/__/Drivers/STM32G4xx_HAL_Driver/Src/stm32g4xx_hal_adc.c.obj
 .text.LL_ADC_GetMultimode
                0x080005a4       0x1c cmake/stm32cubemx/CMakeFiles/STM32_Drivers.dir/__/__/Drivers/STM32G4xx_HAL_Driver/Src/stm32g4xx_hal_adc.c.obj
 .text.LL_ADC_GetMultiDMATransfer
                0x080005c0       0x1c cmake/stm32cubemx/CMakeFiles/STM32_Drivers.dir/__/__/Drivers/STM32G4xx_HAL_Driver/Src/stm32g4xx_hal_adc.c.obj
 .text.LL_ADC_DisableDeepPowerDown
                0x080005dc       0x24 cmake/stm32cubemx/CMakeFiles/STM32_Drivers.dir/__/__/Drivers/STM32G4xx_HAL_Driver/Src/stm32g4xx_hal_adc.c.obj
 .text.LL_ADC_IsDeepPowerDownEnabled
                0x08000600       0x28 cmake/stm32cubemx/CMakeFiles/STM32_Drivers.dir/__/__/Drivers/STM32G4xx_HAL_Driver/Src/stm32g4xx_hal_adc.c.obj
 .text.LL_ADC_EnableInternalRegulator
                0x08000628       0x28 cmake/stm32cubemx/CMakeFiles/STM32_Drivers.dir/__/__/Drivers/STM32G4xx_HAL_Driver/Src/stm32g4xx_hal_adc.c.obj
 .text.LL_ADC_IsInternalRegulatorEnabled
                0x08000650       0x28 cmake/stm32cubemx/CMakeFiles/STM32_Drivers.dir/__/__/Drivers/STM32G4xx_HAL_Driver/Src/stm32g4xx_hal_adc.c.obj
 .text.LL_ADC_Enable
                0x08000678       0x28 cmake/stm32cubemx/CMakeFiles/STM32_Drivers.dir/__/__/Drivers/STM32G4xx_HAL_Driver/Src/stm32g4xx_hal_adc.c.obj
 .text.LL_ADC_Disable
                0x080006a0       0x28 cmake/stm32cubemx/CMakeFiles/STM32_Drivers.dir/__/__/Drivers/STM32G4xx_HAL_Driver/Src/stm32g4xx_hal_adc.c.obj
 .text.LL_ADC_IsEnabled
                0x080006c8       0x26 cmake/stm32cubemx/CMakeFiles/STM32_Drivers.dir/__/__/Drivers/STM32G4xx_HAL_Driver/Src/stm32g4xx_hal_adc.c.obj
 .text.LL_ADC_IsDisableOngoing
                0x080006ee       0x26 cmake/stm32cubemx/CMakeFiles/STM32_Drivers.dir/__/__/Drivers/STM32G4xx_HAL_Driver/Src/stm32g4xx_hal_adc.c.obj
 .text.LL_ADC_REG_StartConversion
                0x08000714       0x28 cmake/stm32cubemx/CMakeFiles/STM32_Drivers.dir/__/__/Drivers/STM32G4xx_HAL_Driver/Src/stm32g4xx_hal_adc.c.obj
 .text.LL_ADC_REG_IsConversionOngoing
                0x0800073c       0x26 cmake/stm32cubemx/CMakeFiles/STM32_Drivers.dir/__/__/Drivers/STM32G4xx_HAL_Driver/Src/stm32g4xx_hal_adc.c.obj
 .text.LL_ADC_INJ_IsConversionOngoing
                0x08000762       0x26 cmake/stm32cubemx/CMakeFiles/STM32_Drivers.dir/__/__/Drivers/STM32G4xx_HAL_Driver/Src/stm32g4xx_hal_adc.c.obj
 .text.HAL_ADC_Init
                0x08000788      0x308 cmake/stm32cubemx/CMakeFiles/STM32_Drivers.dir/__/__/Drivers/STM32G4xx_HAL_Driver/Src/stm32g4xx_hal_adc.c.obj
                0x08000788                HAL_ADC_Init
 .text.HAL_ADC_Start_DMA
                0x08000a90      0x168 cmake/stm32cubemx/CMakeFiles/STM32_Drivers.dir/__/__/Drivers/STM32G4xx_HAL_Driver/Src/stm32g4xx_hal_adc.c.obj
                0x08000a90                HAL_ADC_Start_DMA
 .text.HAL_ADC_IRQHandler
                0x08000bf8      0x434 cmake/stm32cubemx/CMakeFiles/STM32_Drivers.dir/__/__/Drivers/STM32G4xx_HAL_Driver/Src/stm32g4xx_hal_adc.c.obj
                0x08000bf8                HAL_ADC_IRQHandler
 .text.HAL_ADC_ConvCpltCallback
                0x0800102c       0x14 cmake/stm32cubemx/CMakeFiles/STM32_Drivers.dir/__/__/Drivers/STM32G4xx_HAL_Driver/Src/stm32g4xx_hal_adc.c.obj
                0x0800102c                HAL_ADC_ConvCpltCallback
 .text.HAL_ADC_ConvHalfCpltCallback
                0x08001040       0x14 cmake/stm32cubemx/CMakeFiles/STM32_Drivers.dir/__/__/Drivers/STM32G4xx_HAL_Driver/Src/stm32g4xx_hal_adc.c.obj
                0x08001040                HAL_ADC_ConvHalfCpltCallback
 .text.HAL_ADC_LevelOutOfWindowCallback
                0x08001054       0x14 cmake/stm32cubemx/CMakeFiles/STM32_Drivers.dir/__/__/Drivers/STM32G4xx_HAL_Driver/Src/stm32g4xx_hal_adc.c.obj
                0x08001054                HAL_ADC_LevelOutOfWindowCallback
 .text.HAL_ADC_ErrorCallback
                0x08001068       0x14 cmake/stm32cubemx/CMakeFiles/STM32_Drivers.dir/__/__/Drivers/STM32G4xx_HAL_Driver/Src/stm32g4xx_hal_adc.c.obj
                0x08001068                HAL_ADC_ErrorCallback
 .text.HAL_ADC_ConfigChannel
                0x0800107c      0x7e0 cmake/stm32cubemx/CMakeFiles/STM32_Drivers.dir/__/__/Drivers/STM32G4xx_HAL_Driver/Src/stm32g4xx_hal_adc.c.obj
                0x0800107c                HAL_ADC_ConfigChannel
 .text.ADC_Enable
                0x0800185c      0x10c cmake/stm32cubemx/CMakeFiles/STM32_Drivers.dir/__/__/Drivers/STM32G4xx_HAL_Driver/Src/stm32g4xx_hal_adc.c.obj
                0x0800185c                ADC_Enable
 .text.ADC_Disable
                0x08001968       0xbe cmake/stm32cubemx/CMakeFiles/STM32_Drivers.dir/__/__/Drivers/STM32G4xx_HAL_Driver/Src/stm32g4xx_hal_adc.c.obj
                0x08001968                ADC_Disable
 .text.ADC_DMAConvCplt
                0x08001a26       0xd8 cmake/stm32cubemx/CMakeFiles/STM32_Drivers.dir/__/__/Drivers/STM32G4xx_HAL_Driver/Src/stm32g4xx_hal_adc.c.obj
                0x08001a26                ADC_DMAConvCplt
 .text.ADC_DMAHalfConvCplt
                0x08001afe       0x1c cmake/stm32cubemx/CMakeFiles/STM32_Drivers.dir/__/__/Drivers/STM32G4xx_HAL_Driver/Src/stm32g4xx_hal_adc.c.obj
                0x08001afe                ADC_DMAHalfConvCplt
 .text.ADC_DMAError
                0x08001b1a       0x34 cmake/stm32cubemx/CMakeFiles/STM32_Drivers.dir/__/__/Drivers/STM32G4xx_HAL_Driver/Src/stm32g4xx_hal_adc.c.obj
                0x08001b1a                ADC_DMAError
 .text.LL_ADC_SetCommonPathInternalCh
                0x08001b4e       0x26 cmake/stm32cubemx/CMakeFiles/STM32_Drivers.dir/__/__/Drivers/STM32G4xx_HAL_Driver/Src/stm32g4xx_hal_adc_ex.c.obj
 .text.LL_ADC_GetCommonPathInternalCh
                0x08001b74       0x1c cmake/stm32cubemx/CMakeFiles/STM32_Drivers.dir/__/__/Drivers/STM32G4xx_HAL_Driver/Src/stm32g4xx_hal_adc_ex.c.obj
 .text.LL_ADC_SetOffset
                0x08001b90       0x48 cmake/stm32cubemx/CMakeFiles/STM32_Drivers.dir/__/__/Drivers/STM32G4xx_HAL_Driver/Src/stm32g4xx_hal_adc_ex.c.obj
 .text.LL_ADC_GetOffsetChannel
                0x08001bd8       0x2c cmake/stm32cubemx/CMakeFiles/STM32_Drivers.dir/__/__/Drivers/STM32G4xx_HAL_Driver/Src/stm32g4xx_hal_adc_ex.c.obj
 .text.LL_ADC_SetOffsetState
                0x08001c04       0x36 cmake/stm32cubemx/CMakeFiles/STM32_Drivers.dir/__/__/Drivers/STM32G4xx_HAL_Driver/Src/stm32g4xx_hal_adc_ex.c.obj
 .text.LL_ADC_SetOffsetSign
                0x08001c3a       0x36 cmake/stm32cubemx/CMakeFiles/STM32_Drivers.dir/__/__/Drivers/STM32G4xx_HAL_Driver/Src/stm32g4xx_hal_adc_ex.c.obj
 .text.LL_ADC_SetOffsetSaturation
                0x08001c70       0x36 cmake/stm32cubemx/CMakeFiles/STM32_Drivers.dir/__/__/Drivers/STM32G4xx_HAL_Driver/Src/stm32g4xx_hal_adc_ex.c.obj
 .text.LL_ADC_SetSamplingTimeCommonConfig
                0x08001ca6       0x26 cmake/stm32cubemx/CMakeFiles/STM32_Drivers.dir/__/__/Drivers/STM32G4xx_HAL_Driver/Src/stm32g4xx_hal_adc_ex.c.obj
 .text.LL_ADC_INJ_GetTrigAuto
                0x08001ccc       0x1c cmake/stm32cubemx/CMakeFiles/STM32_Drivers.dir/__/__/Drivers/STM32G4xx_HAL_Driver/Src/stm32g4xx_hal_adc_ex.c.obj
 .text.LL_ADC_SetChannelSamplingTime
                0x08001ce8       0x56 cmake/stm32cubemx/CMakeFiles/STM32_Drivers.dir/__/__/Drivers/STM32G4xx_HAL_Driver/Src/stm32g4xx_hal_adc_ex.c.obj
 *fill*         0x08001d3e        0x2 
 .text.LL_ADC_SetChannelSingleDiff
                0x08001d40       0x48 cmake/stm32cubemx/CMakeFiles/STM32_Drivers.dir/__/__/Drivers/STM32G4xx_HAL_Driver/Src/stm32g4xx_hal_adc_ex.c.obj
 .text.LL_ADC_GetMultimode
                0x08001d88       0x1c cmake/stm32cubemx/CMakeFiles/STM32_Drivers.dir/__/__/Drivers/STM32G4xx_HAL_Driver/Src/stm32g4xx_hal_adc_ex.c.obj
 .text.LL_ADC_IsEnabled
                0x08001da4       0x26 cmake/stm32cubemx/CMakeFiles/STM32_Drivers.dir/__/__/Drivers/STM32G4xx_HAL_Driver/Src/stm32g4xx_hal_adc_ex.c.obj
 .text.LL_ADC_StartCalibration
                0x08001dca       0x32 cmake/stm32cubemx/CMakeFiles/STM32_Drivers.dir/__/__/Drivers/STM32G4xx_HAL_Driver/Src/stm32g4xx_hal_adc_ex.c.obj
 .text.LL_ADC_IsCalibrationOnGoing
                0x08001dfc       0x28 cmake/stm32cubemx/CMakeFiles/STM32_Drivers.dir/__/__/Drivers/STM32G4xx_HAL_Driver/Src/stm32g4xx_hal_adc_ex.c.obj
 .text.LL_ADC_REG_IsConversionOngoing
                0x08001e24       0x26 cmake/stm32cubemx/CMakeFiles/STM32_Drivers.dir/__/__/Drivers/STM32G4xx_HAL_Driver/Src/stm32g4xx_hal_adc_ex.c.obj
 .text.LL_ADC_INJ_StartConversion
                0x08001e4a       0x28 cmake/stm32cubemx/CMakeFiles/STM32_Drivers.dir/__/__/Drivers/STM32G4xx_HAL_Driver/Src/stm32g4xx_hal_adc_ex.c.obj
 .text.LL_ADC_INJ_IsConversionOngoing
                0x08001e72       0x26 cmake/stm32cubemx/CMakeFiles/STM32_Drivers.dir/__/__/Drivers/STM32G4xx_HAL_Driver/Src/stm32g4xx_hal_adc_ex.c.obj
 .text.HAL_ADCEx_Calibration_Start
                0x08001e98       0xc4 cmake/stm32cubemx/CMakeFiles/STM32_Drivers.dir/__/__/Drivers/STM32G4xx_HAL_Driver/Src/stm32g4xx_hal_adc_ex.c.obj
                0x08001e98                HAL_ADCEx_Calibration_Start
 .text.HAL_ADCEx_InjectedStart_IT
                0x08001f5c      0x1cc cmake/stm32cubemx/CMakeFiles/STM32_Drivers.dir/__/__/Drivers/STM32G4xx_HAL_Driver/Src/stm32g4xx_hal_adc_ex.c.obj
                0x08001f5c                HAL_ADCEx_InjectedStart_IT
 .text.HAL_ADCEx_InjectedGetValue
                0x08002128       0x70 cmake/stm32cubemx/CMakeFiles/STM32_Drivers.dir/__/__/Drivers/STM32G4xx_HAL_Driver/Src/stm32g4xx_hal_adc_ex.c.obj
                0x08002128                HAL_ADCEx_InjectedGetValue
 .text.HAL_ADCEx_InjectedQueueOverflowCallback
                0x08002198       0x14 cmake/stm32cubemx/CMakeFiles/STM32_Drivers.dir/__/__/Drivers/STM32G4xx_HAL_Driver/Src/stm32g4xx_hal_adc_ex.c.obj
                0x08002198                HAL_ADCEx_InjectedQueueOverflowCallback
 .text.HAL_ADCEx_LevelOutOfWindow2Callback
                0x080021ac       0x14 cmake/stm32cubemx/CMakeFiles/STM32_Drivers.dir/__/__/Drivers/STM32G4xx_HAL_Driver/Src/stm32g4xx_hal_adc_ex.c.obj
                0x080021ac                HAL_ADCEx_LevelOutOfWindow2Callback
 .text.HAL_ADCEx_LevelOutOfWindow3Callback
                0x080021c0       0x14 cmake/stm32cubemx/CMakeFiles/STM32_Drivers.dir/__/__/Drivers/STM32G4xx_HAL_Driver/Src/stm32g4xx_hal_adc_ex.c.obj
                0x080021c0                HAL_ADCEx_LevelOutOfWindow3Callback
 .text.HAL_ADCEx_EndOfSamplingCallback
                0x080021d4       0x14 cmake/stm32cubemx/CMakeFiles/STM32_Drivers.dir/__/__/Drivers/STM32G4xx_HAL_Driver/Src/stm32g4xx_hal_adc_ex.c.obj
                0x080021d4                HAL_ADCEx_EndOfSamplingCallback
 .text.HAL_ADCEx_InjectedConfigChannel
                0x080021e8      0x9c0 cmake/stm32cubemx/CMakeFiles/STM32_Drivers.dir/__/__/Drivers/STM32G4xx_HAL_Driver/Src/stm32g4xx_hal_adc_ex.c.obj
                0x080021e8                HAL_ADCEx_InjectedConfigChannel
 .text.HAL_ADCEx_MultiModeConfigChannel
                0x08002ba8      0x148 cmake/stm32cubemx/CMakeFiles/STM32_Drivers.dir/__/__/Drivers/STM32G4xx_HAL_Driver/Src/stm32g4xx_hal_adc_ex.c.obj
                0x08002ba8                HAL_ADCEx_MultiModeConfigChannel
 .text.HAL_Init
                0x08002cf0       0x30 cmake/stm32cubemx/CMakeFiles/STM32_Drivers.dir/__/__/Drivers/STM32G4xx_HAL_Driver/Src/stm32g4xx_hal.c.obj
                0x08002cf0                HAL_Init
 .text.HAL_InitTick
                0x08002d20       0x74 cmake/stm32cubemx/CMakeFiles/STM32_Drivers.dir/__/__/Drivers/STM32G4xx_HAL_Driver/Src/stm32g4xx_hal.c.obj
                0x08002d20                HAL_InitTick
 .text.HAL_IncTick
                0x08002d94       0x24 cmake/stm32cubemx/CMakeFiles/STM32_Drivers.dir/__/__/Drivers/STM32G4xx_HAL_Driver/Src/stm32g4xx_hal.c.obj
                0x08002d94                HAL_IncTick
 .text.HAL_GetTick
                0x08002db8       0x18 cmake/stm32cubemx/CMakeFiles/STM32_Drivers.dir/__/__/Drivers/STM32G4xx_HAL_Driver/Src/stm32g4xx_hal.c.obj
                0x08002db8                HAL_GetTick
 .text.HAL_Delay
                0x08002dd0       0x44 cmake/stm32cubemx/CMakeFiles/STM32_Drivers.dir/__/__/Drivers/STM32G4xx_HAL_Driver/Src/stm32g4xx_hal.c.obj
                0x08002dd0                HAL_Delay
 .text.HAL_RCC_OscConfig
                0x08002e14      0x624 cmake/stm32cubemx/CMakeFiles/STM32_Drivers.dir/__/__/Drivers/STM32G4xx_HAL_Driver/Src/stm32g4xx_hal_rcc.c.obj
                0x08002e14                HAL_RCC_OscConfig
 .text.HAL_RCC_ClockConfig
                0x08003438      0x278 cmake/stm32cubemx/CMakeFiles/STM32_Drivers.dir/__/__/Drivers/STM32G4xx_HAL_Driver/Src/stm32g4xx_hal_rcc.c.obj
                0x08003438                HAL_RCC_ClockConfig
 .text.HAL_RCC_GetSysClockFreq
                0x080036b0       0xc4 cmake/stm32cubemx/CMakeFiles/STM32_Drivers.dir/__/__/Drivers/STM32G4xx_HAL_Driver/Src/stm32g4xx_hal_rcc.c.obj
                0x080036b0                HAL_RCC_GetSysClockFreq
 .text.HAL_RCC_GetHCLKFreq
                0x08003774       0x18 cmake/stm32cubemx/CMakeFiles/STM32_Drivers.dir/__/__/Drivers/STM32G4xx_HAL_Driver/Src/stm32g4xx_hal_rcc.c.obj
                0x08003774                HAL_RCC_GetHCLKFreq
 .text.HAL_RCC_GetPCLK1Freq
                0x0800378c       0x2c cmake/stm32cubemx/CMakeFiles/STM32_Drivers.dir/__/__/Drivers/STM32G4xx_HAL_Driver/Src/stm32g4xx_hal_rcc.c.obj
                0x0800378c                HAL_RCC_GetPCLK1Freq
 .text.HAL_RCC_GetPCLK2Freq
                0x080037b8       0x2c cmake/stm32cubemx/CMakeFiles/STM32_Drivers.dir/__/__/Drivers/STM32G4xx_HAL_Driver/Src/stm32g4xx_hal_rcc.c.obj
                0x080037b8                HAL_RCC_GetPCLK2Freq
 .text.RCC_GetSysClockFreqFromPLLSource
                0x080037e4       0x8c cmake/stm32cubemx/CMakeFiles/STM32_Drivers.dir/__/__/Drivers/STM32G4xx_HAL_Driver/Src/stm32g4xx_hal_rcc.c.obj
 .text.HAL_RCCEx_PeriphCLKConfig
                0x08003870      0x3e0 cmake/stm32cubemx/CMakeFiles/STM32_Drivers.dir/__/__/Drivers/STM32G4xx_HAL_Driver/Src/stm32g4xx_hal_rcc_ex.c.obj
                0x08003870                HAL_RCCEx_PeriphCLKConfig
 .text.HAL_GPIO_Init
                0x08003c50      0x304 cmake/stm32cubemx/CMakeFiles/STM32_Drivers.dir/__/__/Drivers/STM32G4xx_HAL_Driver/Src/stm32g4xx_hal_gpio.c.obj
                0x08003c50                HAL_GPIO_Init
 .text.HAL_GPIO_WritePin
                0x08003f54       0x30 cmake/stm32cubemx/CMakeFiles/STM32_Drivers.dir/__/__/Drivers/STM32G4xx_HAL_Driver/Src/stm32g4xx_hal_gpio.c.obj
                0x08003f54                HAL_GPIO_WritePin
 .text.HAL_DMA_Init
                0x08003f84      0x150 cmake/stm32cubemx/CMakeFiles/STM32_Drivers.dir/__/__/Drivers/STM32G4xx_HAL_Driver/Src/stm32g4xx_hal_dma.c.obj
                0x08003f84                HAL_DMA_Init
 .text.HAL_DMA_Start_IT
                0x080040d4       0xf6 cmake/stm32cubemx/CMakeFiles/STM32_Drivers.dir/__/__/Drivers/STM32G4xx_HAL_Driver/Src/stm32g4xx_hal_dma.c.obj
                0x080040d4                HAL_DMA_Start_IT
 .text.HAL_DMA_Abort
                0x080041ca       0xb2 cmake/stm32cubemx/CMakeFiles/STM32_Drivers.dir/__/__/Drivers/STM32G4xx_HAL_Driver/Src/stm32g4xx_hal_dma.c.obj
                0x080041ca                HAL_DMA_Abort
 .text.HAL_DMA_Abort_IT
                0x0800427c       0xce cmake/stm32cubemx/CMakeFiles/STM32_Drivers.dir/__/__/Drivers/STM32G4xx_HAL_Driver/Src/stm32g4xx_hal_dma.c.obj
                0x0800427c                HAL_DMA_Abort_IT
 .text.HAL_DMA_IRQHandler
                0x0800434a      0x15e cmake/stm32cubemx/CMakeFiles/STM32_Drivers.dir/__/__/Drivers/STM32G4xx_HAL_Driver/Src/stm32g4xx_hal_dma.c.obj
                0x0800434a                HAL_DMA_IRQHandler
 .text.DMA_SetConfig
                0x080044a8       0x7c cmake/stm32cubemx/CMakeFiles/STM32_Drivers.dir/__/__/Drivers/STM32G4xx_HAL_Driver/Src/stm32g4xx_hal_dma.c.obj
 .text.DMA_CalcDMAMUXChannelBaseAndMask
                0x08004524       0x7c cmake/stm32cubemx/CMakeFiles/STM32_Drivers.dir/__/__/Drivers/STM32G4xx_HAL_Driver/Src/stm32g4xx_hal_dma.c.obj
 .text.DMA_CalcDMAMUXRequestGenBaseAndMask
                0x080045a0       0x48 cmake/stm32cubemx/CMakeFiles/STM32_Drivers.dir/__/__/Drivers/STM32G4xx_HAL_Driver/Src/stm32g4xx_hal_dma.c.obj
 .text.HAL_PWREx_ControlVoltageScaling
                0x080045e8      0x148 cmake/stm32cubemx/CMakeFiles/STM32_Drivers.dir/__/__/Drivers/STM32G4xx_HAL_Driver/Src/stm32g4xx_hal_pwr_ex.c.obj
                0x080045e8                HAL_PWREx_ControlVoltageScaling
 .text.HAL_PWREx_DisableUCPDDeadBattery
                0x08004730       0x20 cmake/stm32cubemx/CMakeFiles/STM32_Drivers.dir/__/__/Drivers/STM32G4xx_HAL_Driver/Src/stm32g4xx_hal_pwr_ex.c.obj
                0x08004730                HAL_PWREx_DisableUCPDDeadBattery
 .text.__NVIC_SetPriorityGrouping
                0x08004750       0x48 cmake/stm32cubemx/CMakeFiles/STM32_Drivers.dir/__/__/Drivers/STM32G4xx_HAL_Driver/Src/stm32g4xx_hal_cortex.c.obj
 .text.__NVIC_GetPriorityGrouping
                0x08004798       0x1c cmake/stm32cubemx/CMakeFiles/STM32_Drivers.dir/__/__/Drivers/STM32G4xx_HAL_Driver/Src/stm32g4xx_hal_cortex.c.obj
 .text.__NVIC_EnableIRQ
                0x080047b4       0x3c cmake/stm32cubemx/CMakeFiles/STM32_Drivers.dir/__/__/Drivers/STM32G4xx_HAL_Driver/Src/stm32g4xx_hal_cortex.c.obj
 .text.__NVIC_SetPriority
                0x080047f0       0x54 cmake/stm32cubemx/CMakeFiles/STM32_Drivers.dir/__/__/Drivers/STM32G4xx_HAL_Driver/Src/stm32g4xx_hal_cortex.c.obj
 .text.NVIC_EncodePriority
                0x08004844       0x66 cmake/stm32cubemx/CMakeFiles/STM32_Drivers.dir/__/__/Drivers/STM32G4xx_HAL_Driver/Src/stm32g4xx_hal_cortex.c.obj
 *fill*         0x080048aa        0x2 
 .text.SysTick_Config
                0x080048ac       0x44 cmake/stm32cubemx/CMakeFiles/STM32_Drivers.dir/__/__/Drivers/STM32G4xx_HAL_Driver/Src/stm32g4xx_hal_cortex.c.obj
 .text.HAL_NVIC_SetPriorityGrouping
                0x080048f0       0x16 cmake/stm32cubemx/CMakeFiles/STM32_Drivers.dir/__/__/Drivers/STM32G4xx_HAL_Driver/Src/stm32g4xx_hal_cortex.c.obj
                0x080048f0                HAL_NVIC_SetPriorityGrouping
 .text.HAL_NVIC_SetPriority
                0x08004906       0x34 cmake/stm32cubemx/CMakeFiles/STM32_Drivers.dir/__/__/Drivers/STM32G4xx_HAL_Driver/Src/stm32g4xx_hal_cortex.c.obj
                0x08004906                HAL_NVIC_SetPriority
 .text.HAL_NVIC_EnableIRQ
                0x0800493a       0x1c cmake/stm32cubemx/CMakeFiles/STM32_Drivers.dir/__/__/Drivers/STM32G4xx_HAL_Driver/Src/stm32g4xx_hal_cortex.c.obj
                0x0800493a                HAL_NVIC_EnableIRQ
 .text.HAL_SYSTICK_Config
                0x08004956       0x18 cmake/stm32cubemx/CMakeFiles/STM32_Drivers.dir/__/__/Drivers/STM32G4xx_HAL_Driver/Src/stm32g4xx_hal_cortex.c.obj
                0x08004956                HAL_SYSTICK_Config
 .text.HAL_TIM_PWM_Init
                0x0800496e       0xae cmake/stm32cubemx/CMakeFiles/STM32_Drivers.dir/__/__/Drivers/STM32G4xx_HAL_Driver/Src/stm32g4xx_hal_tim.c.obj
                0x0800496e                HAL_TIM_PWM_Init
 .text.HAL_TIM_PWM_Start
                0x08004a1c      0x200 cmake/stm32cubemx/CMakeFiles/STM32_Drivers.dir/__/__/Drivers/STM32G4xx_HAL_Driver/Src/stm32g4xx_hal_tim.c.obj
                0x08004a1c                HAL_TIM_PWM_Start
 .text.HAL_TIM_PWM_Stop
                0x08004c1c      0x12c cmake/stm32cubemx/CMakeFiles/STM32_Drivers.dir/__/__/Drivers/STM32G4xx_HAL_Driver/Src/stm32g4xx_hal_tim.c.obj
                0x08004c1c                HAL_TIM_PWM_Stop
 .text.HAL_TIM_PWM_ConfigChannel
                0x08004d48      0x228 cmake/stm32cubemx/CMakeFiles/STM32_Drivers.dir/__/__/Drivers/STM32G4xx_HAL_Driver/Src/stm32g4xx_hal_tim.c.obj
                0x08004d48                HAL_TIM_PWM_ConfigChannel
 .text.TIM_Base_SetConfig
                0x08004f70      0x138 cmake/stm32cubemx/CMakeFiles/STM32_Drivers.dir/__/__/Drivers/STM32G4xx_HAL_Driver/Src/stm32g4xx_hal_tim.c.obj
                0x08004f70                TIM_Base_SetConfig
 .text.TIM_OC1_SetConfig
                0x080050a8      0x120 cmake/stm32cubemx/CMakeFiles/STM32_Drivers.dir/__/__/Drivers/STM32G4xx_HAL_Driver/Src/stm32g4xx_hal_tim.c.obj
 .text.TIM_OC2_SetConfig
                0x080051c8      0x114 cmake/stm32cubemx/CMakeFiles/STM32_Drivers.dir/__/__/Drivers/STM32G4xx_HAL_Driver/Src/stm32g4xx_hal_tim.c.obj
                0x080051c8                TIM_OC2_SetConfig
 .text.TIM_OC3_SetConfig
                0x080052dc      0x110 cmake/stm32cubemx/CMakeFiles/STM32_Drivers.dir/__/__/Drivers/STM32G4xx_HAL_Driver/Src/stm32g4xx_hal_tim.c.obj
 .text.TIM_OC4_SetConfig
                0x080053ec      0x114 cmake/stm32cubemx/CMakeFiles/STM32_Drivers.dir/__/__/Drivers/STM32G4xx_HAL_Driver/Src/stm32g4xx_hal_tim.c.obj
 .text.TIM_OC5_SetConfig
                0x08005500       0xc8 cmake/stm32cubemx/CMakeFiles/STM32_Drivers.dir/__/__/Drivers/STM32G4xx_HAL_Driver/Src/stm32g4xx_hal_tim.c.obj
 .text.TIM_OC6_SetConfig
                0x080055c8       0xcc cmake/stm32cubemx/CMakeFiles/STM32_Drivers.dir/__/__/Drivers/STM32G4xx_HAL_Driver/Src/stm32g4xx_hal_tim.c.obj
 .text.TIM_CCxChannelCmd
                0x08005694       0x4a cmake/stm32cubemx/CMakeFiles/STM32_Drivers.dir/__/__/Drivers/STM32G4xx_HAL_Driver/Src/stm32g4xx_hal_tim.c.obj
                0x08005694                TIM_CCxChannelCmd
 *fill*         0x080056de        0x2 
 .text.HAL_TIMEx_PWMN_Start
                0x080056e0      0x168 cmake/stm32cubemx/CMakeFiles/STM32_Drivers.dir/__/__/Drivers/STM32G4xx_HAL_Driver/Src/stm32g4xx_hal_tim_ex.c.obj
                0x080056e0                HAL_TIMEx_PWMN_Start
 .text.HAL_TIMEx_PWMN_Stop
                0x08005848       0xba cmake/stm32cubemx/CMakeFiles/STM32_Drivers.dir/__/__/Drivers/STM32G4xx_HAL_Driver/Src/stm32g4xx_hal_tim_ex.c.obj
                0x08005848                HAL_TIMEx_PWMN_Stop
 *fill*         0x08005902        0x2 
 .text.HAL_TIMEx_MasterConfigSynchronization
                0x08005904      0x104 cmake/stm32cubemx/CMakeFiles/STM32_Drivers.dir/__/__/Drivers/STM32G4xx_HAL_Driver/Src/stm32g4xx_hal_tim_ex.c.obj
                0x08005904                HAL_TIMEx_MasterConfigSynchronization
 .text.HAL_TIMEx_ConfigBreakDeadTime
                0x08005a08      0x118 cmake/stm32cubemx/CMakeFiles/STM32_Drivers.dir/__/__/Drivers/STM32G4xx_HAL_Driver/Src/stm32g4xx_hal_tim_ex.c.obj
                0x08005a08                HAL_TIMEx_ConfigBreakDeadTime
 .text.TIM_CCxNChannelCmd
                0x08005b20       0x4a cmake/stm32cubemx/CMakeFiles/STM32_Drivers.dir/__/__/Drivers/STM32G4xx_HAL_Driver/Src/stm32g4xx_hal_tim_ex.c.obj
 .text.HAL_UART_Init
                0x08005b6a       0xa0 cmake/stm32cubemx/CMakeFiles/STM32_Drivers.dir/__/__/Drivers/STM32G4xx_HAL_Driver/Src/stm32g4xx_hal_uart.c.obj
                0x08005b6a                HAL_UART_Init
 *fill*         0x08005c0a        0x2 
 .text.HAL_UART_IRQHandler
                0x08005c0c      0x684 cmake/stm32cubemx/CMakeFiles/STM32_Drivers.dir/__/__/Drivers/STM32G4xx_HAL_Driver/Src/stm32g4xx_hal_uart.c.obj
                0x08005c0c                HAL_UART_IRQHandler
 .text.HAL_UART_TxCpltCallback
                0x08006290       0x14 cmake/stm32cubemx/CMakeFiles/STM32_Drivers.dir/__/__/Drivers/STM32G4xx_HAL_Driver/Src/stm32g4xx_hal_uart.c.obj
                0x08006290                HAL_UART_TxCpltCallback
 .text.HAL_UART_ErrorCallback
                0x080062a4       0x14 cmake/stm32cubemx/CMakeFiles/STM32_Drivers.dir/__/__/Drivers/STM32G4xx_HAL_Driver/Src/stm32g4xx_hal_uart.c.obj
                0x080062a4                HAL_UART_ErrorCallback
 .text.HAL_UARTEx_RxEventCallback
                0x080062b8       0x18 cmake/stm32cubemx/CMakeFiles/STM32_Drivers.dir/__/__/Drivers/STM32G4xx_HAL_Driver/Src/stm32g4xx_hal_uart.c.obj
                0x080062b8                HAL_UARTEx_RxEventCallback
 .text.UART_SetConfig
                0x080062d0      0x598 cmake/stm32cubemx/CMakeFiles/STM32_Drivers.dir/__/__/Drivers/STM32G4xx_HAL_Driver/Src/stm32g4xx_hal_uart.c.obj
                0x080062d0                UART_SetConfig
 .text.UART_AdvFeatureConfig
                0x08006868      0x144 cmake/stm32cubemx/CMakeFiles/STM32_Drivers.dir/__/__/Drivers/STM32G4xx_HAL_Driver/Src/stm32g4xx_hal_uart.c.obj
                0x08006868                UART_AdvFeatureConfig
 .text.UART_CheckIdleState
                0x080069ac      0x154 cmake/stm32cubemx/CMakeFiles/STM32_Drivers.dir/__/__/Drivers/STM32G4xx_HAL_Driver/Src/stm32g4xx_hal_uart.c.obj
                0x080069ac                UART_CheckIdleState
 .text.UART_WaitOnFlagUntilTimeout
                0x08006b00       0xda cmake/stm32cubemx/CMakeFiles/STM32_Drivers.dir/__/__/Drivers/STM32G4xx_HAL_Driver/Src/stm32g4xx_hal_uart.c.obj
                0x08006b00                UART_WaitOnFlagUntilTimeout
 .text.UART_EndRxTransfer
                0x08006bda       0xcc cmake/stm32cubemx/CMakeFiles/STM32_Drivers.dir/__/__/Drivers/STM32G4xx_HAL_Driver/Src/stm32g4xx_hal_uart.c.obj
 .text.UART_DMAAbortOnError
                0x08006ca6       0x24 cmake/stm32cubemx/CMakeFiles/STM32_Drivers.dir/__/__/Drivers/STM32G4xx_HAL_Driver/Src/stm32g4xx_hal_uart.c.obj
 .text.UART_EndTransmit_IT
                0x08006cca       0x56 cmake/stm32cubemx/CMakeFiles/STM32_Drivers.dir/__/__/Drivers/STM32G4xx_HAL_Driver/Src/stm32g4xx_hal_uart.c.obj
 .text.HAL_UARTEx_WakeupCallback
                0x08006d20       0x14 cmake/stm32cubemx/CMakeFiles/STM32_Drivers.dir/__/__/Drivers/STM32G4xx_HAL_Driver/Src/stm32g4xx_hal_uart_ex.c.obj
                0x08006d20                HAL_UARTEx_WakeupCallback
 .text.HAL_UARTEx_RxFifoFullCallback
                0x08006d34       0x14 cmake/stm32cubemx/CMakeFiles/STM32_Drivers.dir/__/__/Drivers/STM32G4xx_HAL_Driver/Src/stm32g4xx_hal_uart_ex.c.obj
                0x08006d34                HAL_UARTEx_RxFifoFullCallback
 .text.HAL_UARTEx_TxFifoEmptyCallback
                0x08006d48       0x14 cmake/stm32cubemx/CMakeFiles/STM32_Drivers.dir/__/__/Drivers/STM32G4xx_HAL_Driver/Src/stm32g4xx_hal_uart_ex.c.obj
                0x08006d48                HAL_UARTEx_TxFifoEmptyCallback
 .text.HAL_UARTEx_DisableFifoMode
                0x08006d5c       0x72 cmake/stm32cubemx/CMakeFiles/STM32_Drivers.dir/__/__/Drivers/STM32G4xx_HAL_Driver/Src/stm32g4xx_hal_uart_ex.c.obj
                0x08006d5c                HAL_UARTEx_DisableFifoMode
 .text.HAL_UARTEx_SetTxFifoThreshold
                0x08006dce       0x7c cmake/stm32cubemx/CMakeFiles/STM32_Drivers.dir/__/__/Drivers/STM32G4xx_HAL_Driver/Src/stm32g4xx_hal_uart_ex.c.obj
                0x08006dce                HAL_UARTEx_SetTxFifoThreshold
 .text.HAL_UARTEx_SetRxFifoThreshold
                0x08006e4a       0x7c cmake/stm32cubemx/CMakeFiles/STM32_Drivers.dir/__/__/Drivers/STM32G4xx_HAL_Driver/Src/stm32g4xx_hal_uart_ex.c.obj
                0x08006e4a                HAL_UARTEx_SetRxFifoThreshold
 *fill*         0x08006ec6        0x2 
 .text.UARTEx_SetNbDataToProcess
                0x08006ec8       0x9c cmake/stm32cubemx/CMakeFiles/STM32_Drivers.dir/__/__/Drivers/STM32G4xx_HAL_Driver/Src/stm32g4xx_hal_uart_ex.c.obj
 .text.main     0x08006f64       0x36 CMakeFiles/EbikeDriver-Demo1.dir/Core/Src/main.c.obj
                0x08006f64                main
 .text.SystemClock_Config
                0x08006f9a       0x96 CMakeFiles/EbikeDriver-Demo1.dir/Core/Src/main.c.obj
                0x08006f9a                SystemClock_Config
 .text.MX_ADC1_Init
                0x08007030       0xf4 CMakeFiles/EbikeDriver-Demo1.dir/Core/Src/main.c.obj
 .text.MX_ADC2_Init
                0x08007124      0x148 CMakeFiles/EbikeDriver-Demo1.dir/Core/Src/main.c.obj
 .text.MX_TIM1_Init
                0x0800726c      0x178 CMakeFiles/EbikeDriver-Demo1.dir/Core/Src/main.c.obj
 .text.MX_UART4_Init
                0x080073e4       0x98 CMakeFiles/EbikeDriver-Demo1.dir/Core/Src/main.c.obj
 .text.MX_DMA_Init
                0x0800747c       0x64 CMakeFiles/EbikeDriver-Demo1.dir/Core/Src/main.c.obj
 .text.MX_GPIO_Init
                0x080074e0       0xb0 CMakeFiles/EbikeDriver-Demo1.dir/Core/Src/main.c.obj
 .text.Error_Handler
                0x08007590        0xc CMakeFiles/EbikeDriver-Demo1.dir/Core/Src/main.c.obj
                0x08007590                Error_Handler
 .text.NMI_Handler
                0x0800759c        0x8 CMakeFiles/EbikeDriver-Demo1.dir/Core/Src/stm32g4xx_it.c.obj
                0x0800759c                NMI_Handler
 .text.HardFault_Handler
                0x080075a4       0x24 CMakeFiles/EbikeDriver-Demo1.dir/Core/Src/stm32g4xx_it.c.obj
                0x080075a4                HardFault_Handler
 .text.MemManage_Handler
                0x080075c8        0x8 CMakeFiles/EbikeDriver-Demo1.dir/Core/Src/stm32g4xx_it.c.obj
                0x080075c8                MemManage_Handler
 .text.BusFault_Handler
                0x080075d0        0x8 CMakeFiles/EbikeDriver-Demo1.dir/Core/Src/stm32g4xx_it.c.obj
                0x080075d0                BusFault_Handler
 .text.UsageFault_Handler
                0x080075d8        0x8 CMakeFiles/EbikeDriver-Demo1.dir/Core/Src/stm32g4xx_it.c.obj
                0x080075d8                UsageFault_Handler
 .text.SVC_Handler
                0x080075e0        0xe CMakeFiles/EbikeDriver-Demo1.dir/Core/Src/stm32g4xx_it.c.obj
                0x080075e0                SVC_Handler
 .text.DebugMon_Handler
                0x080075ee        0xe CMakeFiles/EbikeDriver-Demo1.dir/Core/Src/stm32g4xx_it.c.obj
                0x080075ee                DebugMon_Handler
 .text.PendSV_Handler
                0x080075fc        0xe CMakeFiles/EbikeDriver-Demo1.dir/Core/Src/stm32g4xx_it.c.obj
                0x080075fc                PendSV_Handler
 .text.SysTick_Handler
                0x0800760a        0xc CMakeFiles/EbikeDriver-Demo1.dir/Core/Src/stm32g4xx_it.c.obj
                0x0800760a                SysTick_Handler
 *fill*         0x08007616        0x2 
 .text.DMA1_Channel1_IRQHandler
                0x08007618       0x14 CMakeFiles/EbikeDriver-Demo1.dir/Core/Src/stm32g4xx_it.c.obj
                0x08007618                DMA1_Channel1_IRQHandler
 .text.DMA1_Channel2_IRQHandler
                0x0800762c       0x14 CMakeFiles/EbikeDriver-Demo1.dir/Core/Src/stm32g4xx_it.c.obj
                0x0800762c                DMA1_Channel2_IRQHandler
 .text.ADC1_2_IRQHandler
                0x08007640       0x1c CMakeFiles/EbikeDriver-Demo1.dir/Core/Src/stm32g4xx_it.c.obj
                0x08007640                ADC1_2_IRQHandler
 .text.UART4_IRQHandler
                0x0800765c       0x14 CMakeFiles/EbikeDriver-Demo1.dir/Core/Src/stm32g4xx_it.c.obj
                0x0800765c                UART4_IRQHandler
 .text.HAL_MspInit
                0x08007670       0x48 CMakeFiles/EbikeDriver-Demo1.dir/Core/Src/stm32g4xx_hal_msp.c.obj
                0x08007670                HAL_MspInit
 .text.HAL_ADC_MspInit
                0x080076b8      0x1fc CMakeFiles/EbikeDriver-Demo1.dir/Core/Src/stm32g4xx_hal_msp.c.obj
                0x080076b8                HAL_ADC_MspInit
 .text.HAL_TIM_PWM_MspInit
                0x080078b4       0x40 CMakeFiles/EbikeDriver-Demo1.dir/Core/Src/stm32g4xx_hal_msp.c.obj
                0x080078b4                HAL_TIM_PWM_MspInit
 .text.HAL_TIM_MspPostInit
                0x080078f4       0xd0 CMakeFiles/EbikeDriver-Demo1.dir/Core/Src/stm32g4xx_hal_msp.c.obj
                0x080078f4                HAL_TIM_MspPostInit
 .text.HAL_UART_MspInit
                0x080079c4      0x11c CMakeFiles/EbikeDriver-Demo1.dir/Core/Src/stm32g4xx_hal_msp.c.obj
                0x080079c4                HAL_UART_MspInit
 .text._sbrk    0x08007ae0       0x6c CMakeFiles/EbikeDriver-Demo1.dir/Core/Src/sysmem.c.obj
                0x08007ae0                _sbrk
 .text._getpid  0x08007b4c       0x10 CMakeFiles/EbikeDriver-Demo1.dir/Core/Src/syscalls.c.obj
                0x08007b4c                _getpid
 .text._kill    0x08007b5c       0x20 CMakeFiles/EbikeDriver-Demo1.dir/Core/Src/syscalls.c.obj
                0x08007b5c                _kill
 .text._exit    0x08007b7c       0x16 CMakeFiles/EbikeDriver-Demo1.dir/Core/Src/syscalls.c.obj
                0x08007b7c                _exit
 *fill*         0x08007b92        0x2 
 .text.Reset_Handler
                0x08007b94       0x50 CMakeFiles/EbikeDriver-Demo1.dir/startup_stm32g431xx.s.obj
                0x08007b94                Reset_Handler
 .text.Default_Handler
                0x08007be4        0x2 CMakeFiles/EbikeDriver-Demo1.dir/startup_stm32g431xx.s.obj
                0x08007be4                RTC_Alarm_IRQHandler
                0x08007be4                EXTI2_IRQHandler
                0x08007be4                TIM8_TRG_COM_IRQHandler
                0x08007be4                TIM8_CC_IRQHandler
                0x08007be4                TIM1_CC_IRQHandler
                0x08007be4                USB_HP_IRQHandler
                0x08007be4                CORDIC_IRQHandler
                0x08007be4                EXTI3_IRQHandler
                0x08007be4                I2C3_ER_IRQHandler
                0x08007be4                EXTI0_IRQHandler
                0x08007be4                I2C2_EV_IRQHandler
                0x08007be4                FPU_IRQHandler
                0x08007be4                FDCAN1_IT1_IRQHandler
                0x08007be4                TIM1_UP_TIM16_IRQHandler
                0x08007be4                SPI1_IRQHandler
                0x08007be4                TIM6_DAC_IRQHandler
                0x08007be4                TIM8_UP_IRQHandler
                0x08007be4                DMA2_Channel2_IRQHandler
                0x08007be4                DMA1_Channel4_IRQHandler
                0x08007be4                USART3_IRQHandler
                0x08007be4                TIM4_IRQHandler
                0x08007be4                DMA2_Channel1_IRQHandler
                0x08007be4                I2C1_EV_IRQHandler
                0x08007be4                DMA1_Channel6_IRQHandler
                0x08007be4                DMA2_Channel4_IRQHandler
                0x08007be4                TIM3_IRQHandler
                0x08007be4                RCC_IRQHandler
                0x08007be4                Default_Handler
                0x08007be4                RTC_TAMP_LSECSS_IRQHandler
                0x08007be4                FMAC_IRQHandler
                0x08007be4                EXTI15_10_IRQHandler
                0x08007be4                TIM7_IRQHandler
                0x08007be4                UCPD1_IRQHandler
                0x08007be4                I2C3_EV_IRQHandler
                0x08007be4                EXTI9_5_IRQHandler
                0x08007be4                RTC_WKUP_IRQHandler
                0x08007be4                PVD_PVM_IRQHandler
                0x08007be4                SPI2_IRQHandler
                0x08007be4                DMA2_Channel5_IRQHandler
                0x08007be4                CRS_IRQHandler
                0x08007be4                DMA1_Channel5_IRQHandler
                0x08007be4                USB_LP_IRQHandler
                0x08007be4                EXTI4_IRQHandler
                0x08007be4                RNG_IRQHandler
                0x08007be4                TIM1_TRG_COM_TIM17_IRQHandler
                0x08007be4                DMA1_Channel3_IRQHandler
                0x08007be4                WWDG_IRQHandler
                0x08007be4                LPUART1_IRQHandler
                0x08007be4                DMA2_Channel6_IRQHandler
                0x08007be4                FDCAN1_IT0_IRQHandler
                0x08007be4                TIM2_IRQHandler
                0x08007be4                COMP1_2_3_IRQHandler
                0x08007be4                EXTI1_IRQHandler
                0x08007be4                USART2_IRQHandler
                0x08007be4                I2C2_ER_IRQHandler
                0x08007be4                TIM8_BRK_IRQHandler
                0x08007be4                FLASH_IRQHandler
                0x08007be4                USART1_IRQHandler
                0x08007be4                SPI3_IRQHandler
                0x08007be4                I2C1_ER_IRQHandler
                0x08007be4                LPTIM1_IRQHandler
                0x08007be4                DMAMUX_OVR_IRQHandler
                0x08007be4                USBWakeUp_IRQHandler
                0x08007be4                SAI1_IRQHandler
                0x08007be4                DMA2_Channel3_IRQHandler
                0x08007be4                COMP4_IRQHandler
                0x08007be4                TIM1_BRK_TIM15_IRQHandler
 .text.__enable_irq
                0x08007be6       0x10 CMakeFiles/EbikeDriver-Demo1.dir/BSP/Motor/BSP_Motor.cpp.obj
 .text.__disable_irq
                0x08007bf6       0x10 CMakeFiles/EbikeDriver-Demo1.dir/BSP/Motor/BSP_Motor.cpp.obj
 *fill*         0x08007c06        0x2 
 .text._ZL15BSP_SetPWM_Implfff
                0x08007c08      0x114 CMakeFiles/EbikeDriver-Demo1.dir/BSP/Motor/BSP_Motor.cpp.obj
 .text._ZL19BSP_PWM_Enable_Implv
                0x08007d1c       0x4c CMakeFiles/EbikeDriver-Demo1.dir/BSP/Motor/BSP_Motor.cpp.obj
 .text._ZL20BSP_PWM_Disable_Implv
                0x08007d68       0x80 CMakeFiles/EbikeDriver-Demo1.dir/BSP/Motor/BSP_Motor.cpp.obj
 .text._ZL24BSP_ReadCurrent_Raw_ImplPtS_S_S_
                0x08007de8       0x60 CMakeFiles/EbikeDriver-Demo1.dir/BSP/Motor/BSP_Motor.cpp.obj
 .text._ZL21BSP_ReadVbus_Raw_Implv
                0x08007e48       0x18 CMakeFiles/EbikeDriver-Demo1.dir/BSP/Motor/BSP_Motor.cpp.obj
 .text._ZL21BSP_ReadTemp_Raw_Implv
                0x08007e60       0x10 CMakeFiles/EbikeDriver-Demo1.dir/BSP/Motor/BSP_Motor.cpp.obj
 .text._Z16BSP_Get_HAL_Implv
                0x08007e70       0x14 CMakeFiles/EbikeDriver-Demo1.dir/BSP/Motor/BSP_Motor.cpp.obj
                0x08007e70                BSP_Get_HAL_Impl()
 .text._Z24BSP_Motor_Hardware_Startv
                0x08007e84       0x6c CMakeFiles/EbikeDriver-Demo1.dir/BSP/Motor/BSP_Motor.cpp.obj
                0x08007e84                BSP_Motor_Hardware_Start()
 .text.HAL_ADCEx_InjectedConvCpltCallback
                0x08007ef0       0x40 CMakeFiles/EbikeDriver-Demo1.dir/BSP/Motor/BSP_Motor.cpp.obj
                0x08007ef0                HAL_ADCEx_InjectedConvCpltCallback
 .text._ZN9Lib_Motor9MotorMath5ClampEfff
                0x08007f30       0x52 CMakeFiles/EbikeDriver-Demo1.dir/Lib/Motor/Motor_Control/Motor_Control.cpp.obj
                0x08007f30                Lib_Motor::MotorMath::Clamp(float, float, float)
 .text._ZN9Lib_Motor9MotorMath7InvParkEfffPfS1_
                0x08007f82       0x7a CMakeFiles/EbikeDriver-Demo1.dir/Lib/Motor/Motor_Control/Motor_Control.cpp.obj
                0x08007f82                Lib_Motor::MotorMath::InvPark(float, float, float, float*, float*)
 .text._ZN9Lib_Motor5SVPWM9CalculateEfffPfS1_S1_
                0x08007ffc      0x1b4 CMakeFiles/EbikeDriver-Demo1.dir/Lib/Motor/Motor_Control/Motor_Control.cpp.obj
                0x08007ffc                Lib_Motor::SVPWM::Calculate(float, float, float, float*, float*, float*)
 .text._ZN9Lib_Motor14AngleGenerator5resetEv
                0x080081b0       0x24 CMakeFiles/EbikeDriver-Demo1.dir/Lib/Motor/Motor_Control/Motor_Control.cpp.obj
                0x080081b0                Lib_Motor::AngleGenerator::reset()
 .text._ZNK9Lib_Motor14AngleGenerator11getVelocityEv
                0x080081d4       0x1e CMakeFiles/EbikeDriver-Demo1.dir/Lib/Motor/Motor_Control/Motor_Control.cpp.obj
                0x080081d4                Lib_Motor::AngleGenerator::getVelocity() const
 *fill*         0x080081f2        0x2 
 .text._ZN9Lib_Motor14AngleGenerator6updateEfff
                0x080081f4      0x164 CMakeFiles/EbikeDriver-Demo1.dir/Lib/Motor/Motor_Control/Motor_Control.cpp.obj
                0x080081f4                Lib_Motor::AngleGenerator::update(float, float, float)
 .text._ZN9Lib_Motor13PidController6updateEfffff
                0x08008358       0xb0 CMakeFiles/EbikeDriver-Demo1.dir/Lib/Motor/Motor_Control/Motor_Control.cpp.obj
                0x08008358                Lib_Motor::PidController::update(float, float, float, float, float)
 .text._ZN9Lib_Motor12MotorControl4initEfPKNS_11MotorConfigE
                0x08008408       0x2c CMakeFiles/EbikeDriver-Demo1.dir/Lib/Motor/Motor_Control/Motor_Control.cpp.obj
                0x08008408                Lib_Motor::MotorControl::init(float, Lib_Motor::MotorConfig const*)
 .text._ZN9Lib_Motor12MotorControl5resetEv
                0x08008434       0x1a CMakeFiles/EbikeDriver-Demo1.dir/Lib/Motor/Motor_Control/Motor_Control.cpp.obj
                0x08008434                Lib_Motor::MotorControl::reset()
 *fill*         0x0800844e        0x2 
 .text._ZN9Lib_Motor12MotorControl16processManualPWMEfffRfS1_S1_
                0x08008450       0x74 CMakeFiles/EbikeDriver-Demo1.dir/Lib/Motor/Motor_Control/Motor_Control.cpp.obj
                0x08008450                Lib_Motor::MotorControl::processManualPWM(float, float, float, float&, float&, float&)
 .text._ZN9Lib_Motor12MotorControl9processVFEfffRKNS_18MotorObserverParamEfRfS4_S4_S4_S4_S4_S4_
                0x080084c4      0x140 CMakeFiles/EbikeDriver-Demo1.dir/Lib/Motor/Motor_Control/Motor_Control.cpp.obj
                0x080084c4                Lib_Motor::MotorControl::processVF(float, float, float, Lib_Motor::MotorObserverParam const&, float, float&, float&, float&, float&, float&, float&, float&)
 .text._ZN9Lib_Motor12MotorControl9processIFEfffffffRfS1_S1_S1_S1_S1_S1_S1_S1_
                0x08008604      0x124 CMakeFiles/EbikeDriver-Demo1.dir/Lib/Motor/Motor_Control/Motor_Control.cpp.obj
                0x08008604                Lib_Motor::MotorControl::processIF(float, float, float, float, float, float, float, float&, float&, float&, float&, float&, float&, float&, float&, float&)
 .text._ZN9Lib_Motor12MotorControl18processCurrentLoopEffffffRfS1_S1_S1_S1_
                0x08008728      0x132 CMakeFiles/EbikeDriver-Demo1.dir/Lib/Motor/Motor_Control/Motor_Control.cpp.obj
                0x08008728                Lib_Motor::MotorControl::processCurrentLoop(float, float, float, float, float, float, float&, float&, float&, float&, float&)
 .text._ZN9Lib_Motor10MotorEventC2Ev
                0x0800885a       0x3e CMakeFiles/EbikeDriver-Demo1.dir/Lib/Motor/Motor_Manager/Motor_API.cpp.obj
                0x0800885a                Lib_Motor::MotorEvent::MotorEvent()
                0x0800885a                Lib_Motor::MotorEvent::MotorEvent()
 .text._ZNK9Lib_Motor12MotorManager8getSpeedEv
                0x08008898       0x20 CMakeFiles/EbikeDriver-Demo1.dir/Lib/Motor/Motor_Manager/Motor_API.cpp.obj
                0x08008898                Lib_Motor::MotorManager::getSpeed() const
 .text._ZNK9Lib_Motor12MotorManager5stateEv
                0x080088b8       0x18 CMakeFiles/EbikeDriver-Demo1.dir/Lib/Motor/Motor_Manager/Motor_API.cpp.obj
                0x080088b8                Lib_Motor::MotorManager::state() const
 .text._ZNK9Lib_Motor12MotorManager5faultEv
                0x080088d0       0x18 CMakeFiles/EbikeDriver-Demo1.dir/Lib/Motor/Motor_Manager/Motor_API.cpp.obj
                0x080088d0                Lib_Motor::MotorManager::fault() const
 .text._ZN9Lib_Motor8MotorAPIC2Ev
                0x080088e8       0x1e CMakeFiles/EbikeDriver-Demo1.dir/Lib/Motor/Motor_Manager/Motor_API.cpp.obj
                0x080088e8                Lib_Motor::MotorAPI::MotorAPI()
                0x080088e8                Lib_Motor::MotorAPI::MotorAPI()
 *fill*         0x08008906        0x2 
 .text._ZN9Lib_Motor8MotorAPI4initERKNS_11MotorConfigE
                0x08008908       0x68 CMakeFiles/EbikeDriver-Demo1.dir/Lib/Motor/Motor_Manager/Motor_API.cpp.obj
                0x08008908                Lib_Motor::MotorAPI::init(Lib_Motor::MotorConfig const&)
 .text._ZN9Lib_Motor8MotorAPI4stopEv
                0x08008970       0x44 CMakeFiles/EbikeDriver-Demo1.dir/Lib/Motor/Motor_Manager/Motor_API.cpp.obj
                0x08008970                Lib_Motor::MotorAPI::stop()
 .text._ZN9Lib_Motor8MotorAPI10clearFaultEv
                0x080089b4       0x64 CMakeFiles/EbikeDriver-Demo1.dir/Lib/Motor/Motor_Manager/Motor_API.cpp.obj
                0x080089b4                Lib_Motor::MotorAPI::clearFault()
 .text._ZN9Lib_Motor8MotorAPI5resetEv
                0x08008a18       0x40 CMakeFiles/EbikeDriver-Demo1.dir/Lib/Motor/Motor_Manager/Motor_API.cpp.obj
                0x08008a18                Lib_Motor::MotorAPI::reset()
 .text._ZN9Lib_Motor8MotorAPI14debugVFControlEfff
                0x08008a58       0xd8 CMakeFiles/EbikeDriver-Demo1.dir/Lib/Motor/Motor_Manager/Motor_API.cpp.obj
                0x08008a58                Lib_Motor::MotorAPI::debugVFControl(float, float, float)
 .text.Motor_Global_Process_Handler
                0x08008b30       0x3c CMakeFiles/EbikeDriver-Demo1.dir/Lib/Motor/Motor_Manager/Motor_API.cpp.obj
                0x08008b30                Motor_Global_Process_Handler
 .text._ZNK9Lib_Motor12MotorManager10targetModeEv
                0x08008b6c       0x18 CMakeFiles/EbikeDriver-Demo1.dir/Lib/Motor/Motor_Manager/Motor_FSM.cpp.obj
                0x08008b6c                Lib_Motor::MotorManager::targetMode() const
 .text._ZNK9Lib_Motor12MotorManager8runPhaseEv
                0x08008b84       0x18 CMakeFiles/EbikeDriver-Demo1.dir/Lib/Motor/Motor_Manager/Motor_FSM.cpp.obj
                0x08008b84                Lib_Motor::MotorManager::runPhase() const
 .text._ZN9Lib_Motor12MotorManager11setRunPhaseENS_8RunPhaseE
                0x08008b9c       0x1e CMakeFiles/EbikeDriver-Demo1.dir/Lib/Motor/Motor_Manager/Motor_FSM.cpp.obj
                0x08008b9c                Lib_Motor::MotorManager::setRunPhase(Lib_Motor::RunPhase)
 *fill*         0x08008bba        0x2 
 .text._ZN9Lib_Motor9Motor_FSM4stepERNS_12MotorManagerE
                0x08008bbc       0x9c CMakeFiles/EbikeDriver-Demo1.dir/Lib/Motor/Motor_Manager/Motor_FSM.cpp.obj
                0x08008bbc                Lib_Motor::Motor_FSM::step(Lib_Motor::MotorManager&)
 .text._ZN9Lib_Motor9Motor_FSM10handleInitERNS_12MotorManagerE
                0x08008c58       0x20 CMakeFiles/EbikeDriver-Demo1.dir/Lib/Motor/Motor_Manager/Motor_FSM.cpp.obj
                0x08008c58                Lib_Motor::Motor_FSM::handleInit(Lib_Motor::MotorManager&)
 .text._ZN9Lib_Motor9Motor_FSM12handleAdcCalERNS_12MotorManagerE
                0x08008c78       0x24 CMakeFiles/EbikeDriver-Demo1.dir/Lib/Motor/Motor_Manager/Motor_FSM.cpp.obj
                0x08008c78                Lib_Motor::Motor_FSM::handleAdcCal(Lib_Motor::MotorManager&)
 .text._ZN9Lib_Motor9Motor_FSM10handleStopERNS_12MotorManagerE
                0x08008c9c       0xb4 CMakeFiles/EbikeDriver-Demo1.dir/Lib/Motor/Motor_Manager/Motor_FSM.cpp.obj
                0x08008c9c                Lib_Motor::Motor_FSM::handleStop(Lib_Motor::MotorManager&)
 .text._ZN9Lib_Motor9Motor_FSM9handleRunERNS_12MotorManagerE
                0x08008d50      0x118 CMakeFiles/EbikeDriver-Demo1.dir/Lib/Motor/Motor_Manager/Motor_FSM.cpp.obj
                0x08008d50                Lib_Motor::Motor_FSM::handleRun(Lib_Motor::MotorManager&)
 .text._ZN9Lib_Motor9Motor_FSM11handleErrorERNS_12MotorManagerE
                0x08008e68       0x14 CMakeFiles/EbikeDriver-Demo1.dir/Lib/Motor/Motor_Manager/Motor_FSM.cpp.obj
                0x08008e68                Lib_Motor::Motor_FSM::handleError(Lib_Motor::MotorManager&)
 .text._ZN9Lib_Motor9MotorMath5ClarkEffPfS1_
                0x08008e7c       0x48 CMakeFiles/EbikeDriver-Demo1.dir/Lib/Motor/Motor_Manager/Motor_Manager.cpp.obj
                0x08008e7c                Lib_Motor::MotorMath::Clark(float, float, float*, float*)
 .text._ZN9Lib_Motor9MotorMath4ParkEfffPfS1_
                0x08008ec4       0x7e CMakeFiles/EbikeDriver-Demo1.dir/Lib/Motor/Motor_Manager/Motor_Manager.cpp.obj
                0x08008ec4                Lib_Motor::MotorMath::Park(float, float, float, float*, float*)
 .text._ZN9Lib_Motor14AngleGeneratorC2Ev
                0x08008f42       0x26 CMakeFiles/EbikeDriver-Demo1.dir/Lib/Motor/Motor_Manager/Motor_Manager.cpp.obj
                0x08008f42                Lib_Motor::AngleGenerator::AngleGenerator()
                0x08008f42                Lib_Motor::AngleGenerator::AngleGenerator()
 .text._ZN9Lib_Motor13PidControllerC2Ev
                0x08008f68       0x1e CMakeFiles/EbikeDriver-Demo1.dir/Lib/Motor/Motor_Manager/Motor_Manager.cpp.obj
                0x08008f68                Lib_Motor::PidController::PidController()
                0x08008f68                Lib_Motor::PidController::PidController()
 *fill*         0x08008f86        0x2 
 .text._ZN9Lib_Motor12MotorControlC2Ev
                0x08008f88       0x40 CMakeFiles/EbikeDriver-Demo1.dir/Lib/Motor/Motor_Manager/Motor_Manager.cpp.obj
                0x08008f88                Lib_Motor::MotorControl::MotorControl()
                0x08008f88                Lib_Motor::MotorControl::MotorControl()
 .text._ZN9Lib_Motor12MotorManagerC2ERKNS_11MotorConfigE
                0x08008fc8       0xb0 CMakeFiles/EbikeDriver-Demo1.dir/Lib/Motor/Motor_Manager/Motor_Manager.cpp.obj
                0x08008fc8                Lib_Motor::MotorManager::MotorManager(Lib_Motor::MotorConfig const&)
                0x08008fc8                Lib_Motor::MotorManager::MotorManager(Lib_Motor::MotorConfig const&)
 .text._ZN9Lib_Motor12MotorManager4initEv
                0x08009078      0x208 CMakeFiles/EbikeDriver-Demo1.dir/Lib/Motor/Motor_Manager/Motor_Manager.cpp.obj
                0x08009078                Lib_Motor::MotorManager::init()
 .text._ZN9Lib_Motor12MotorManager5resetEv
                0x08009280       0x16 CMakeFiles/EbikeDriver-Demo1.dir/Lib/Motor/Motor_Manager/Motor_Manager.cpp.obj
                0x08009280                Lib_Motor::MotorManager::reset()
 .text._ZN9Lib_Motor12MotorManager8setStateENS_5StateE
                0x08009296       0x98 CMakeFiles/EbikeDriver-Demo1.dir/Lib/Motor/Motor_Manager/Motor_Manager.cpp.obj
                0x08009296                Lib_Motor::MotorManager::setState(Lib_Motor::State)
 .text._ZN9Lib_Motor12MotorManager7setModeENS_4ModeE
                0x0800932e       0x42 CMakeFiles/EbikeDriver-Demo1.dir/Lib/Motor/Motor_Manager/Motor_Manager.cpp.obj
                0x0800932e                Lib_Motor::MotorManager::setMode(Lib_Motor::Mode)
 .text._ZN9Lib_Motor12MotorManager14setTargetSpeedEf
                0x08009370       0x20 CMakeFiles/EbikeDriver-Demo1.dir/Lib/Motor/Motor_Manager/Motor_Manager.cpp.obj
                0x08009370                Lib_Motor::MotorManager::setTargetSpeed(float)
 .text._ZN9Lib_Motor12MotorManager11setTargetIdEf
                0x08009390       0x20 CMakeFiles/EbikeDriver-Demo1.dir/Lib/Motor/Motor_Manager/Motor_Manager.cpp.obj
                0x08009390                Lib_Motor::MotorManager::setTargetId(float)
 .text._ZN9Lib_Motor12MotorManager4tickEv
                0x080093b0       0xf2 CMakeFiles/EbikeDriver-Demo1.dir/Lib/Motor/Motor_Manager/Motor_Manager.cpp.obj
                0x080093b0                Lib_Motor::MotorManager::tick()
 *fill*         0x080094a2        0x2 
 .text._ZN9Lib_Motor12MotorManager17runAdcCalibrationEv
                0x080094a4      0x1b8 CMakeFiles/EbikeDriver-Demo1.dir/Lib/Motor/Motor_Manager/Motor_Manager.cpp.obj
                0x080094a4                Lib_Motor::MotorManager::runAdcCalibration()
 .text._ZN9Lib_Motor12MotorManager24updateSensorMeasurementsEv
                0x0800965c      0x1fe CMakeFiles/EbikeDriver-Demo1.dir/Lib/Motor/Motor_Manager/Motor_Manager.cpp.obj
                0x0800965c                Lib_Motor::MotorManager::updateSensorMeasurements()
 .text._ZN9Lib_Motor12MotorManager14runSafetyCheckEv
                0x0800985a      0x102 CMakeFiles/EbikeDriver-Demo1.dir/Lib/Motor/Motor_Manager/Motor_Manager.cpp.obj
                0x0800985a                Lib_Motor::MotorManager::runSafetyCheck()
 .text._ZN9Lib_Motor12MotorManager15runObserverLoopEv
                0x0800995c       0x14 CMakeFiles/EbikeDriver-Demo1.dir/Lib/Motor/Motor_Manager/Motor_Manager.cpp.obj
                0x0800995c                Lib_Motor::MotorManager::runObserverLoop()
 .text._ZN9Lib_Motor12MotorManager14runControlLoopEv
                0x08009970       0x60 CMakeFiles/EbikeDriver-Demo1.dir/Lib/Motor/Motor_Manager/Motor_Manager.cpp.obj
                0x08009970                Lib_Motor::MotorManager::runControlLoop()
 .text._ZN9Lib_Motor12MotorManager12runPWMManualEv
                0x080099d0       0x4a CMakeFiles/EbikeDriver-Demo1.dir/Lib/Motor/Motor_Manager/Motor_Manager.cpp.obj
                0x080099d0                Lib_Motor::MotorManager::runPWMManual()
 .text._ZN9Lib_Motor12MotorManager12runVFControlEv
                0x08009a1a       0xd6 CMakeFiles/EbikeDriver-Demo1.dir/Lib/Motor/Motor_Manager/Motor_Manager.cpp.obj
                0x08009a1a                Lib_Motor::MotorManager::runVFControl()
 .text._ZN9Lib_Motor12MotorManager14runCurrentLockEv
                0x08009af0       0xc8 CMakeFiles/EbikeDriver-Demo1.dir/Lib/Motor/Motor_Manager/Motor_Manager.cpp.obj
                0x08009af0                Lib_Motor::MotorManager::runCurrentLock()
 .text._ZN9Lib_Motor12MotorManager12runIFControlEv
                0x08009bb8       0xd0 CMakeFiles/EbikeDriver-Demo1.dir/Lib/Motor/Motor_Manager/Motor_Manager.cpp.obj
                0x08009bb8                Lib_Motor::MotorManager::runIFControl()
 .text._ZN9Lib_Motor12MotorManager13setDebugAccelEf
                0x08009c88       0x20 CMakeFiles/EbikeDriver-Demo1.dir/Lib/Motor/Motor_Manager/Motor_Manager.cpp.obj
                0x08009c88                Lib_Motor::MotorManager::setDebugAccel(float)
 .text._ZN9Lib_Motor12MotorManager12calculateNTCEt
                0x08009ca8       0xf4 CMakeFiles/EbikeDriver-Demo1.dir/Lib/Motor/Motor_Manager/Motor_Manager.cpp.obj
                0x08009ca8                Lib_Motor::MotorManager::calculateNTC(unsigned short)
 .text._ZN9Lib_Motor13LowPassFilterC2Ef
                0x08009d9c       0x28 CMakeFiles/EbikeDriver-Demo1.dir/Lib/Motor/Motor_Uitls/LowPassFilter.cpp.obj
                0x08009d9c                Lib_Motor::LowPassFilter::LowPassFilter(float)
                0x08009d9c                Lib_Motor::LowPassFilter::LowPassFilter(float)
 .text._ZN9Lib_Motor13LowPassFilterclEff
                0x08009dc4       0x68 CMakeFiles/EbikeDriver-Demo1.dir/Lib/Motor/Motor_Uitls/LowPassFilter.cpp.obj
                0x08009dc4                Lib_Motor::LowPassFilter::operator()(float, float)
 .text._Z19Platform_Motor_Initv
                0x08009e2c      0x1b0 CMakeFiles/EbikeDriver-Demo1.dir/Platform/Motor/Platfrom_Motor.cpp.obj
                0x08009e2c                Platform_Motor_Init()
 .text._Z41__static_initialization_and_destruction_0v
                0x08009fdc       0x14 CMakeFiles/EbikeDriver-Demo1.dir/Platform/Motor/Platfrom_Motor.cpp.obj
 .text._GLOBAL__sub_I_Global_Motor_0
                0x08009ff0        0xa CMakeFiles/EbikeDriver-Demo1.dir/Platform/Motor/Platfrom_Motor.cpp.obj
 .text.User_Init
                0x08009ffa        0xc CMakeFiles/EbikeDriver-Demo1.dir/UserApp/UserAPP.cpp.obj
                0x08009ffa                User_Init
 *fill*         0x0800a006        0x2 
 .text.User_Loop
                0x0800a008       0x98 CMakeFiles/EbikeDriver-Demo1.dir/UserApp/UserAPP.cpp.obj
                0x0800a008                User_Loop
 .text._Znwj    0x0800a0a0       0x22 H:/ALL_LI~2/CLION_~1/ARM-NO~1.3/142BCE~1.3RE/bin/../lib/gcc/arm-none-eabi/14.3.1/../../../../arm-none-eabi/lib/thumb/v7e-m+fp/hard\libstdc++_nano.a(new_op.o)
                0x0800a0a0                operator new(unsigned int)
 *fill*         0x0800a0c2        0x2 
 .text._ZSt15get_new_handlerv
                0x0800a0c4       0x10 H:/ALL_LI~2/CLION_~1/ARM-NO~1.3/142BCE~1.3RE/bin/../lib/gcc/arm-none-eabi/14.3.1/../../../../arm-none-eabi/lib/thumb/v7e-m+fp/hard\libstdc++_nano.a(new_handler.o)
                0x0800a0c4                std::get_new_handler()
 .text.logf     0x0800a0d4       0x60 H:/ALL_LI~2/CLION_~1/ARM-NO~1.3/142BCE~1.3RE/bin/../lib/gcc/arm-none-eabi/14.3.1/../../../../arm-none-eabi/lib/thumb/v7e-m+fp/hard\libm.a(libm_a-wf_log.o)
                0x0800a0d4                logf
 .text.cosf     0x0800a134       0x70 H:/ALL_LI~2/CLION_~1/ARM-NO~1.3/142BCE~1.3RE/bin/../lib/gcc/arm-none-eabi/14.3.1/../../../../arm-none-eabi/lib/thumb/v7e-m+fp/hard\libm.a(libm_a-sf_cos.o)
                0x0800a134                cosf
 .text.sinf     0x0800a1a4       0x74 H:/ALL_LI~2/CLION_~1/ARM-NO~1.3/142BCE~1.3RE/bin/../lib/gcc/arm-none-eabi/14.3.1/../../../../arm-none-eabi/lib/thumb/v7e-m+fp/hard\libm.a(libm_a-sf_sin.o)
                0x0800a1a4                sinf
 .text.nanf     0x0800a218        0xc H:/ALL_LI~2/CLION_~1/ARM-NO~1.3/142BCE~1.3RE/bin/../lib/gcc/arm-none-eabi/14.3.1/../../../../arm-none-eabi/lib/thumb/v7e-m+fp/hard\libm.a(libm_a-sf_nan.o)
                0x0800a218                nanf
 .text.__kernel_cosf
                0x0800a224      0x104 H:/ALL_LI~2/CLION_~1/ARM-NO~1.3/142BCE~1.3RE/bin/../lib/gcc/arm-none-eabi/14.3.1/../../../../arm-none-eabi/lib/thumb/v7e-m+fp/hard\libm.a(libm_a-kf_cos.o)
                0x0800a224                __kernel_cosf
 .text.__kernel_sinf
                0x0800a328       0x90 H:/ALL_LI~2/CLION_~1/ARM-NO~1.3/142BCE~1.3RE/bin/../lib/gcc/arm-none-eabi/14.3.1/../../../../arm-none-eabi/lib/thumb/v7e-m+fp/hard\libm.a(libm_a-kf_sin.o)
                0x0800a328                __kernel_sinf
 .text.__ieee754_logf
                0x0800a3b8      0x1f4 H:/ALL_LI~2/CLION_~1/ARM-NO~1.3/142BCE~1.3RE/bin/../lib/gcc/arm-none-eabi/14.3.1/../../../../arm-none-eabi/lib/thumb/v7e-m+fp/hard\libm.a(libm_a-ef_log.o)
                0x0800a3b8                __ieee754_logf
 .text.__ieee754_rem_pio2f
                0x0800a5ac      0x26c H:/ALL_LI~2/CLION_~1/ARM-NO~1.3/142BCE~1.3RE/bin/../lib/gcc/arm-none-eabi/14.3.1/../../../../arm-none-eabi/lib/thumb/v7e-m+fp/hard\libm.a(libm_a-ef_rem_pio2.o)
                0x0800a5ac                __ieee754_rem_pio2f
 .text.fabsf    0x0800a818       0x10 H:/ALL_LI~2/CLION_~1/ARM-NO~1.3/142BCE~1.3RE/bin/../lib/gcc/arm-none-eabi/14.3.1/../../../../arm-none-eabi/lib/thumb/v7e-m+fp/hard\libm.a(libm_a-sf_fabs.o)
                0x0800a818                fabsf
 .text.__kernel_rem_pio2f
                0x0800a828      0x68c H:/ALL_LI~2/CLION_~1/ARM-NO~1.3/142BCE~1.3RE/bin/../lib/gcc/arm-none-eabi/14.3.1/../../../../arm-none-eabi/lib/thumb/v7e-m+fp/hard\libm.a(libm_a-kf_rem_pio2.o)
                0x0800a828                __kernel_rem_pio2f
 .text.scalbnf  0x0800aeb4       0xdc H:/ALL_LI~2/CLION_~1/ARM-NO~1.3/142BCE~1.3RE/bin/../lib/gcc/arm-none-eabi/14.3.1/../../../../arm-none-eabi/lib/thumb/v7e-m+fp/hard\libm.a(libm_a-sf_scalbn.o)
                0x0800aeb4                scalbnf
 .text.floorf   0x0800af90       0x94 H:/ALL_LI~2/CLION_~1/ARM-NO~1.3/142BCE~1.3RE/bin/../lib/gcc/arm-none-eabi/14.3.1/../../../../arm-none-eabi/lib/thumb/v7e-m+fp/hard\libm.a(libm_a-sf_floor.o)
                0x0800af90                floorf
 .text.__udivmoddi4
                0x0800b024      0x2f8 H:/ALL_LI~2/CLION_~1/ARM-NO~1.3/142BCE~1.3RE/bin/../lib/gcc/arm-none-eabi/14.3.1/thumb/v7e-m+fp/hard\libgcc.a(_udivmoddi4.o)
                0x0800b024                __udivmoddi4
 .text.abort    0x0800b31c        0xe H:/ALL_LI~2/CLION_~1/ARM-NO~1.3/142BCE~1.3RE/bin/../lib/gcc/arm-none-eabi/14.3.1/../../../../arm-none-eabi/lib/thumb/v7e-m+fp/hard\libg_nano.a(libc_a-abort.o)
                0x0800b31c                abort
 *fill*         0x0800b32a        0x2 
 .text.malloc   0x0800b32c       0x10 H:/ALL_LI~2/CLION_~1/ARM-NO~1.3/142BCE~1.3RE/bin/../lib/gcc/arm-none-eabi/14.3.1/../../../../arm-none-eabi/lib/thumb/v7e-m+fp/hard\libg_nano.a(libc_a-malloc.o)
                0x0800b32c                malloc
 .text.sbrk_aligned
                0x0800b33c       0x44 H:/ALL_LI~2/CLION_~1/ARM-NO~1.3/142BCE~1.3RE/bin/../lib/gcc/arm-none-eabi/14.3.1/../../../../arm-none-eabi/lib/thumb/v7e-m+fp/hard\libg_nano.a(libc_a-mallocr.o)
 .text._malloc_r
                0x0800b380      0x100 H:/ALL_LI~2/CLION_~1/ARM-NO~1.3/142BCE~1.3RE/bin/../lib/gcc/arm-none-eabi/14.3.1/../../../../arm-none-eabi/lib/thumb/v7e-m+fp/hard\libg_nano.a(libc_a-mallocr.o)
                0x0800b380                _malloc_r
 .text.__malloc_lock
                0x0800b480        0xc H:/ALL_LI~2/CLION_~1/ARM-NO~1.3/142BCE~1.3RE/bin/../lib/gcc/arm-none-eabi/14.3.1/../../../../arm-none-eabi/lib/thumb/v7e-m+fp/hard\libg_nano.a(libc_a-mlock.o)
                0x0800b480                __malloc_lock
 .text.__malloc_unlock
                0x0800b48c        0xc H:/ALL_LI~2/CLION_~1/ARM-NO~1.3/142BCE~1.3RE/bin/../lib/gcc/arm-none-eabi/14.3.1/../../../../arm-none-eabi/lib/thumb/v7e-m+fp/hard\libg_nano.a(libc_a-mlock.o)
                0x0800b48c                __malloc_unlock
 .text.memset   0x0800b498       0x10 H:/ALL_LI~2/CLION_~1/ARM-NO~1.3/142BCE~1.3RE/bin/../lib/gcc/arm-none-eabi/14.3.1/../../../../arm-none-eabi/lib/thumb/v7e-m+fp/hard\libg_nano.a(libc_a-memset.o)
                0x0800b498                memset
 .text._raise_r
                0x0800b4a8       0x50 H:/ALL_LI~2/CLION_~1/ARM-NO~1.3/142BCE~1.3RE/bin/../lib/gcc/arm-none-eabi/14.3.1/../../../../arm-none-eabi/lib/thumb/v7e-m+fp/hard\libg_nano.a(libc_a-signal.o)
                0x0800b4a8                _raise_r
 .text.raise    0x0800b4f8       0x10 H:/ALL_LI~2/CLION_~1/ARM-NO~1.3/142BCE~1.3RE/bin/../lib/gcc/arm-none-eabi/14.3.1/../../../../arm-none-eabi/lib/thumb/v7e-m+fp/hard\libg_nano.a(libc_a-signal.o)
                0x0800b4f8                raise
 .text._kill_r  0x0800b508       0x24 H:/ALL_LI~2/CLION_~1/ARM-NO~1.3/142BCE~1.3RE/bin/../lib/gcc/arm-none-eabi/14.3.1/../../../../arm-none-eabi/lib/thumb/v7e-m+fp/hard\libg_nano.a(libc_a-signalr.o)
                0x0800b508                _kill_r
 .text._getpid_r
                0x0800b52c        0x4 H:/ALL_LI~2/CLION_~1/ARM-NO~1.3/142BCE~1.3RE/bin/../lib/gcc/arm-none-eabi/14.3.1/../../../../arm-none-eabi/lib/thumb/v7e-m+fp/hard\libg_nano.a(libc_a-signalr.o)
                0x0800b52c                _getpid_r
 .text._sbrk_r  0x0800b530       0x20 H:/ALL_LI~2/CLION_~1/ARM-NO~1.3/142BCE~1.3RE/bin/../lib/gcc/arm-none-eabi/14.3.1/../../../../arm-none-eabi/lib/thumb/v7e-m+fp/hard\libg_nano.a(libc_a-sbrkr.o)
                0x0800b530                _sbrk_r
 .text.__errno  0x0800b550        0xc H:/ALL_LI~2/CLION_~1/ARM-NO~1.3/142BCE~1.3RE/bin/../lib/gcc/arm-none-eabi/14.3.1/../../../../arm-none-eabi/lib/thumb/v7e-m+fp/hard\libg_nano.a(libc_a-errno.o)
                0x0800b550                __errno
 .text.__libc_init_array
                0x0800b55c       0x48 H:/ALL_LI~2/CLION_~1/ARM-NO~1.3/142BCE~1.3RE/bin/../lib/gcc/arm-none-eabi/14.3.1/../../../../arm-none-eabi/lib/thumb/v7e-m+fp/hard\libg_nano.a(libc_a-init.o)
                0x0800b55c                __libc_init_array
 .text.__retarget_lock_acquire_recursive
                0x0800b5a4        0x2 H:/ALL_LI~2/CLION_~1/ARM-NO~1.3/142BCE~1.3RE/bin/../lib/gcc/arm-none-eabi/14.3.1/../../../../arm-none-eabi/lib/thumb/v7e-m+fp/hard\libg_nano.a(libc_a-lock.o)
                0x0800b5a4                __retarget_lock_acquire_recursive
 .text.__retarget_lock_release_recursive
                0x0800b5a6        0x2 H:/ALL_LI~2/CLION_~1/ARM-NO~1.3/142BCE~1.3RE/bin/../lib/gcc/arm-none-eabi/14.3.1/../../../../arm-none-eabi/lib/thumb/v7e-m+fp/hard\libg_nano.a(libc_a-lock.o)
                0x0800b5a6                __retarget_lock_release_recursive
 .text.memcpy   0x0800b5a8       0x1c H:/ALL_LI~2/CLION_~1/ARM-NO~1.3/142BCE~1.3RE/bin/../lib/gcc/arm-none-eabi/14.3.1/../../../../arm-none-eabi/lib/thumb/v7e-m+fp/hard\libg_nano.a(libc_a-memcpy-stub.o)
                0x0800b5a8                memcpy
 *(.glue_7)
 .glue_7        0x0800b5c4        0x0 linker stubs
 *(.glue_7t)
 .glue_7t       0x0800b5c4        0x0 linker stubs
 *(.eh_frame)
 .eh_frame      0x0800b5c4        0x0 H:/ALL_LI~2/CLION_~1/ARM-NO~1.3/142BCE~1.3RE/bin/../lib/gcc/arm-none-eabi/14.3.1/thumb/v7e-m+fp/hard/crtbegin.o
 *(.init)
 .init          0x0800b5c4        0x4 H:/ALL_LI~2/CLION_~1/ARM-NO~1.3/142BCE~1.3RE/bin/../lib/gcc/arm-none-eabi/14.3.1/thumb/v7e-m+fp/hard/crti.o
                0x0800b5c4                _init
 .init          0x0800b5c8        0x8 H:/ALL_LI~2/CLION_~1/ARM-NO~1.3/142BCE~1.3RE/bin/../lib/gcc/arm-none-eabi/14.3.1/thumb/v7e-m+fp/hard/crtn.o
 *(.fini)
 .fini          0x0800b5d0        0x4 H:/ALL_LI~2/CLION_~1/ARM-NO~1.3/142BCE~1.3RE/bin/../lib/gcc/arm-none-eabi/14.3.1/thumb/v7e-m+fp/hard/crti.o
                0x0800b5d0                _fini
 .fini          0x0800b5d4        0x8 H:/ALL_LI~2/CLION_~1/ARM-NO~1.3/142BCE~1.3RE/bin/../lib/gcc/arm-none-eabi/14.3.1/thumb/v7e-m+fp/hard/crtn.o
                0x0800b5dc                        . = ALIGN (0x4)
                0x0800b5dc                        _etext = .

.vfp11_veneer   0x0800b5dc        0x0
 .vfp11_veneer  0x0800b5dc        0x0 linker stubs

.v4_bx          0x0800b5dc        0x0
 .v4_bx         0x0800b5dc        0x0 linker stubs

.iplt           0x0800b5dc        0x0
 .iplt          0x0800b5dc        0x0 H:/ALL_LI~2/CLION_~1/ARM-NO~1.3/142BCE~1.3RE/bin/../lib/gcc/arm-none-eabi/14.3.1/thumb/v7e-m+fp/hard/crtbegin.o

.rodata         0x0800b5dc      0x414
                0x0800b5dc                        . = ALIGN (0x4)
 *(.rodata)
 *(.rodata*)
 .rodata.AHBPrescTable
                0x0800b5dc       0x10 cmake/stm32cubemx/CMakeFiles/STM32_Drivers.dir/__/__/Core/Src/system_stm32g4xx.c.obj
                0x0800b5dc                AHBPrescTable
 .rodata.APBPrescTable
                0x0800b5ec        0x8 cmake/stm32cubemx/CMakeFiles/STM32_Drivers.dir/__/__/Core/Src/system_stm32g4xx.c.obj
                0x0800b5ec                APBPrescTable
 .rodata.UARTPrescTable
                0x0800b5f4       0x18 cmake/stm32cubemx/CMakeFiles/STM32_Drivers.dir/__/__/Drivers/STM32G4xx_HAL_Driver/Src/stm32g4xx_hal_uart.c.obj
                0x0800b5f4                UARTPrescTable
 .rodata.numerator.1
                0x0800b60c        0x8 cmake/stm32cubemx/CMakeFiles/STM32_Drivers.dir/__/__/Drivers/STM32G4xx_HAL_Driver/Src/stm32g4xx_hal_uart_ex.c.obj
 .rodata.denominator.0
                0x0800b614        0x8 cmake/stm32cubemx/CMakeFiles/STM32_Drivers.dir/__/__/Drivers/STM32G4xx_HAL_Driver/Src/stm32g4xx_hal_uart_ex.c.obj
 .rodata.logf.str1.4
                0x0800b61c        0x1 H:/ALL_LI~2/CLION_~1/ARM-NO~1.3/142BCE~1.3RE/bin/../lib/gcc/arm-none-eabi/14.3.1/../../../../arm-none-eabi/lib/thumb/v7e-m+fp/hard\libm.a(libm_a-wf_log.o)
 *fill*         0x0800b61d        0x3 
 .rodata.npio2_hw
                0x0800b620       0x80 H:/ALL_LI~2/CLION_~1/ARM-NO~1.3/142BCE~1.3RE/bin/../lib/gcc/arm-none-eabi/14.3.1/../../../../arm-none-eabi/lib/thumb/v7e-m+fp/hard\libm.a(libm_a-ef_rem_pio2.o)
 .rodata.two_over_pi
                0x0800b6a0      0x318 H:/ALL_LI~2/CLION_~1/ARM-NO~1.3/142BCE~1.3RE/bin/../lib/gcc/arm-none-eabi/14.3.1/../../../../arm-none-eabi/lib/thumb/v7e-m+fp/hard\libm.a(libm_a-ef_rem_pio2.o)
 .rodata.PIo2   0x0800b9b8       0x2c H:/ALL_LI~2/CLION_~1/ARM-NO~1.3/142BCE~1.3RE/bin/../lib/gcc/arm-none-eabi/14.3.1/../../../../arm-none-eabi/lib/thumb/v7e-m+fp/hard\libm.a(libm_a-kf_rem_pio2.o)
 .rodata.init_jk
                0x0800b9e4        0xc H:/ALL_LI~2/CLION_~1/ARM-NO~1.3/142BCE~1.3RE/bin/../lib/gcc/arm-none-eabi/14.3.1/../../../../arm-none-eabi/lib/thumb/v7e-m+fp/hard\libm.a(libm_a-kf_rem_pio2.o)
                0x0800b9f0                        . = ALIGN (0x4)

.ARM.extab      0x0800b9f0        0x0
                0x0800b9f0                        . = ALIGN (0x4)
 *(.ARM.extab* .gnu.linkonce.armextab.*)
                0x0800b9f0                        . = ALIGN (0x4)

.ARM            0x0800b9f0        0x8
                0x0800b9f0                        . = ALIGN (0x4)
                0x0800b9f0                        __exidx_start = .
 *(.ARM.exidx*)
 .ARM.exidx.text.__udivmoddi4
                0x0800b9f0        0x8 H:/ALL_LI~2/CLION_~1/ARM-NO~1.3/142BCE~1.3RE/bin/../lib/gcc/arm-none-eabi/14.3.1/thumb/v7e-m+fp/hard\libgcc.a(_udivmoddi4.o)
                0x0800b9f8                        __exidx_end = .
                0x0800b9f8                        . = ALIGN (0x4)

.preinit_array  0x0800b9f8        0x0
                0x0800b9f8                        . = ALIGN (0x4)
                0x0800b9f8                        PROVIDE (__preinit_array_start = .)
 *(.preinit_array*)
                0x0800b9f8                        PROVIDE (__preinit_array_end = .)
                0x0800b9f8                        . = ALIGN (0x4)

.init_array     0x0800b9f8        0x8
                0x0800b9f8                        . = ALIGN (0x4)
                0x0800b9f8                        PROVIDE (__init_array_start = .)
 *(SORT_BY_NAME(.init_array.*))
 *(.init_array*)
 .init_array    0x0800b9f8        0x4 H:/ALL_LI~2/CLION_~1/ARM-NO~1.3/142BCE~1.3RE/bin/../lib/gcc/arm-none-eabi/14.3.1/thumb/v7e-m+fp/hard/crtbegin.o
 .init_array    0x0800b9fc        0x4 CMakeFiles/EbikeDriver-Demo1.dir/Platform/Motor/Platfrom_Motor.cpp.obj
                0x0800ba00                        PROVIDE (__init_array_end = .)
                0x0800ba00                        . = ALIGN (0x4)

.fini_array     0x0800ba00        0x4
                0x0800ba00                        . = ALIGN (0x4)
                [!provide]                        PROVIDE (__fini_array_start = .)
 *(SORT_BY_NAME(.fini_array.*))
 *(.fini_array*)
 .fini_array    0x0800ba00        0x4 H:/ALL_LI~2/CLION_~1/ARM-NO~1.3/142BCE~1.3RE/bin/../lib/gcc/arm-none-eabi/14.3.1/thumb/v7e-m+fp/hard/crtbegin.o
                [!provide]                        PROVIDE (__fini_array_end = .)
                0x0800ba04                        . = ALIGN (0x4)
                0x0800ba04                        _sidata = LOADADDR (.data)

.rel.dyn        0x0800ba04        0x0
 .rel.iplt      0x0800ba04        0x0 H:/ALL_LI~2/CLION_~1/ARM-NO~1.3/142BCE~1.3RE/bin/../lib/gcc/arm-none-eabi/14.3.1/thumb/v7e-m+fp/hard/crtbegin.o

.data           0x20000000      0x17c load address 0x0800ba04
                0x20000000                        . = ALIGN (0x4)
                0x20000000                        _sdata = .
 *(.data)
 *(.data*)
 .data.SystemCoreClock
                0x20000000        0x4 cmake/stm32cubemx/CMakeFiles/STM32_Drivers.dir/__/__/Core/Src/system_stm32g4xx.c.obj
                0x20000000                SystemCoreClock
 .data.uwTickPrio
                0x20000004        0x4 cmake/stm32cubemx/CMakeFiles/STM32_Drivers.dir/__/__/Drivers/STM32G4xx_HAL_Driver/Src/stm32g4xx_hal.c.obj
                0x20000004                uwTickPrio
 .data.uwTickFreq
                0x20000008        0x4 cmake/stm32cubemx/CMakeFiles/STM32_Drivers.dir/__/__/Drivers/STM32G4xx_HAL_Driver/Src/stm32g4xx_hal.c.obj
                0x20000008                uwTickFreq
 .data._ZL12bsp_hal_impl
                0x2000000c       0x20 CMakeFiles/EbikeDriver-Demo1.dir/BSP/Motor/BSP_Motor.cpp.obj
 .data._ZZ19Platform_Motor_InitvE3cfg
                0x2000002c       0xf4 CMakeFiles/EbikeDriver-Demo1.dir/Platform/Motor/Platfrom_Motor.cpp.obj
 .data._ZZ9User_LoopE8dbg_duty
                0x20000120        0x4 CMakeFiles/EbikeDriver-Demo1.dir/UserApp/UserAPP.cpp.obj
 .data._ZZ9User_LoopE7dbg_rpm
                0x20000124        0x4 CMakeFiles/EbikeDriver-Demo1.dir/UserApp/UserAPP.cpp.obj
 .data._ZZ9User_LoopE8dbg_ramp
                0x20000128        0x4 CMakeFiles/EbikeDriver-Demo1.dir/UserApp/UserAPP.cpp.obj
 .data._impure_ptr
                0x2000012c        0x4 H:/ALL_LI~2/CLION_~1/ARM-NO~1.3/142BCE~1.3RE/bin/../lib/gcc/arm-none-eabi/14.3.1/../../../../arm-none-eabi/lib/thumb/v7e-m+fp/hard\libg_nano.a(libc_a-impure.o)
                0x2000012c                _impure_ptr
 .data._impure_data
                0x20000130       0x4c H:/ALL_LI~2/CLION_~1/ARM-NO~1.3/142BCE~1.3RE/bin/../lib/gcc/arm-none-eabi/14.3.1/../../../../arm-none-eabi/lib/thumb/v7e-m+fp/hard\libg_nano.a(libc_a-impure.o)
                0x20000130                _impure_data
 *(.RamFunc)
 *(.RamFunc*)
                0x2000017c                        . = ALIGN (0x4)

.tm_clone_table
                0x2000017c        0x0 load address 0x0800bb80
 .tm_clone_table
                0x2000017c        0x0 H:/ALL_LI~2/CLION_~1/ARM-NO~1.3/142BCE~1.3RE/bin/../lib/gcc/arm-none-eabi/14.3.1/thumb/v7e-m+fp/hard/crtbegin.o
 .tm_clone_table
                0x2000017c        0x0 H:/ALL_LI~2/CLION_~1/ARM-NO~1.3/142BCE~1.3RE/bin/../lib/gcc/arm-none-eabi/14.3.1/thumb/v7e-m+fp/hard/crtend.o

.igot.plt       0x2000017c        0x0 load address 0x0800bb80
 .igot.plt      0x2000017c        0x0 H:/ALL_LI~2/CLION_~1/ARM-NO~1.3/142BCE~1.3RE/bin/../lib/gcc/arm-none-eabi/14.3.1/thumb/v7e-m+fp/hard/crtbegin.o

.tdata          0x2000017c        0x0 load address 0x0800bb80
 *(.tdata .tdata.* .gnu.linkonce.td.*)
                0x2000017c                        . = ALIGN (0x4)
                0x2000017c                        _edata = .
                [!provide]                        PROVIDE (__data_end = .)
                [!provide]                        PROVIDE (__tdata_end = .)
                [!provide]                        PROVIDE (__tdata_start = ADDR (.tdata))
                [!provide]                        PROVIDE (__tdata_size = (__tdata_end - __tdata_start))
                [!provide]                        PROVIDE (__data_start = ADDR (.data))
                [!provide]                        PROVIDE (__data_size = (__data_end - __data_start))
                [!provide]                        PROVIDE (__tdata_source = LOADADDR (.tdata))
                [!provide]                        PROVIDE (__tdata_source_end = (LOADADDR (.tdata) + SIZEOF (.tdata)))
                [!provide]                        PROVIDE (__tdata_source_size = (__tdata_source_end - __tdata_source))
                [!provide]                        PROVIDE (__data_source = LOADADDR (.data))
                [!provide]                        PROVIDE (__data_source_end = __tdata_source_end)
                [!provide]                        PROVIDE (__data_source_size = (__data_source_end - __data_source))

.tbss           0x2000017c        0x0 load address 0x0800bb80
                0x2000017c                        _sbss = .
                0x2000017c                        __bss_start__ = _sbss
 *(.tbss .tbss.*)
                0x2000017c                        . = ALIGN (0x4)
                [!provide]                        PROVIDE (__tbss_end = .)
                [!provide]                        PROVIDE (__tbss_start = ADDR (.tbss))
                [!provide]                        PROVIDE (__tbss_size = (__tbss_end - __tbss_start))
                [!provide]                        PROVIDE (__tbss_offset = (ADDR (.tbss) - ADDR (.tdata)))
                [!provide]                        PROVIDE (__tls_base = __tdata_start)
                [!provide]                        PROVIDE (__tls_end = __tbss_end)
                [!provide]                        PROVIDE (__tls_size = (__tls_end - __tls_base))
                [!provide]                        PROVIDE (__tls_align = MAX (ALIGNOF (.tdata), ALIGNOF (.tbss)))
                [!provide]                        PROVIDE (__tls_size_align = (((__tls_size + __tls_align) - 0x1) & ~ ((__tls_align - 0x1))))
                [!provide]                        PROVIDE (__arm32_tls_tcb_offset = MAX (0x8, __tls_align))
                [!provide]                        PROVIDE (__arm64_tls_tcb_offset = MAX (0x10, __tls_align))

.bss            0x2000017c      0x40c load address 0x0800bb80
 *(.bss)
 *(.bss*)
 .bss.completed.1
                0x2000017c        0x1 H:/ALL_LI~2/CLION_~1/ARM-NO~1.3/142BCE~1.3RE/bin/../lib/gcc/arm-none-eabi/14.3.1/thumb/v7e-m+fp/hard/crtbegin.o
 *fill*         0x2000017d        0x3 
 .bss.object.0  0x20000180       0x18 H:/ALL_LI~2/CLION_~1/ARM-NO~1.3/142BCE~1.3RE/bin/../lib/gcc/arm-none-eabi/14.3.1/thumb/v7e-m+fp/hard/crtbegin.o
 .bss.uwTick    0x20000198        0x4 cmake/stm32cubemx/CMakeFiles/STM32_Drivers.dir/__/__/Drivers/STM32G4xx_HAL_Driver/Src/stm32g4xx_hal.c.obj
                0x20000198                uwTick
 .bss.hadc1     0x2000019c       0x6c CMakeFiles/EbikeDriver-Demo1.dir/Core/Src/main.c.obj
                0x2000019c                hadc1
 .bss.hadc2     0x20000208       0x6c CMakeFiles/EbikeDriver-Demo1.dir/Core/Src/main.c.obj
                0x20000208                hadc2
 .bss.hdma_adc1
                0x20000274       0x60 CMakeFiles/EbikeDriver-Demo1.dir/Core/Src/main.c.obj
                0x20000274                hdma_adc1
 .bss.htim1     0x200002d4       0x4c CMakeFiles/EbikeDriver-Demo1.dir/Core/Src/main.c.obj
                0x200002d4                htim1
 .bss.huart4    0x20000320       0x94 CMakeFiles/EbikeDriver-Demo1.dir/Core/Src/main.c.obj
                0x20000320                huart4
 .bss.hdma_uart4_tx
                0x200003b4       0x60 CMakeFiles/EbikeDriver-Demo1.dir/Core/Src/main.c.obj
                0x200003b4                hdma_uart4_tx
 .bss.HAL_RCC_ADC12_CLK_ENABLED
                0x20000414        0x4 CMakeFiles/EbikeDriver-Demo1.dir/Core/Src/stm32g4xx_hal_msp.c.obj
 .bss.__sbrk_heap_end
                0x20000418        0x4 CMakeFiles/EbikeDriver-Demo1.dir/Core/Src/sysmem.c.obj
 .bss.adc_regular_buffer
                0x2000041c        0x2 CMakeFiles/EbikeDriver-Demo1.dir/BSP/Motor/BSP_Motor.cpp.obj
                0x2000041c                adc_regular_buffer
 *fill*         0x2000041e        0x2 
 .bss._ZN9Lib_MotorL9instancesE
                0x20000420       0x10 CMakeFiles/EbikeDriver-Demo1.dir/Lib/Motor/Motor_Manager/Motor_API.cpp.obj
 .bss._ZN9Lib_MotorL14instance_countE
                0x20000430        0x4 CMakeFiles/EbikeDriver-Demo1.dir/Lib/Motor/Motor_Manager/Motor_API.cpp.obj
 .bss.Global_Motor_0
                0x20000434        0x4 CMakeFiles/EbikeDriver-Demo1.dir/Platform/Motor/Platfrom_Motor.cpp.obj
                0x20000434                Global_Motor_0
 .bss._ZZ9User_LoopE9CMD_start
                0x20000438        0x1 CMakeFiles/EbikeDriver-Demo1.dir/UserApp/UserAPP.cpp.obj
 .bss._ZZ9User_LoopE9CMD_reset
                0x20000439        0x1 CMakeFiles/EbikeDriver-Demo1.dir/UserApp/UserAPP.cpp.obj
 .bss._ZZ9User_LoopE8CMD_stop
                0x2000043a        0x1 CMakeFiles/EbikeDriver-Demo1.dir/UserApp/UserAPP.cpp.obj
 .bss._ZZ9User_LoopE14CMD_clearfault
                0x2000043b        0x1 CMakeFiles/EbikeDriver-Demo1.dir/UserApp/UserAPP.cpp.obj
 .bss._ZN12_GLOBAL__N_113__new_handlerE
                0x2000043c        0x4 H:/ALL_LI~2/CLION_~1/ARM-NO~1.3/142BCE~1.3RE/bin/../lib/gcc/arm-none-eabi/14.3.1/../../../../arm-none-eabi/lib/thumb/v7e-m+fp/hard\libstdc++_nano.a(new_handler.o)
 .bss.__malloc_sbrk_start
                0x20000440        0x4 H:/ALL_LI~2/CLION_~1/ARM-NO~1.3/142BCE~1.3RE/bin/../lib/gcc/arm-none-eabi/14.3.1/../../../../arm-none-eabi/lib/thumb/v7e-m+fp/hard\libg_nano.a(libc_a-mallocr.o)
                0x20000440                __malloc_sbrk_start
 .bss.__malloc_free_list
                0x20000444        0x4 H:/ALL_LI~2/CLION_~1/ARM-NO~1.3/142BCE~1.3RE/bin/../lib/gcc/arm-none-eabi/14.3.1/../../../../arm-none-eabi/lib/thumb/v7e-m+fp/hard\libg_nano.a(libc_a-mallocr.o)
                0x20000444                __malloc_free_list
 .bss.__sf      0x20000448      0x138 H:/ALL_LI~2/CLION_~1/ARM-NO~1.3/142BCE~1.3RE/bin/../lib/gcc/arm-none-eabi/14.3.1/../../../../arm-none-eabi/lib/thumb/v7e-m+fp/hard\libg_nano.a(libc_a-findfp.o)
                0x20000448                __sf
 .bss.errno     0x20000580        0x4 H:/ALL_LI~2/CLION_~1/ARM-NO~1.3/142BCE~1.3RE/bin/../lib/gcc/arm-none-eabi/14.3.1/../../../../arm-none-eabi/lib/thumb/v7e-m+fp/hard\libg_nano.a(libc_a-reent.o)
                0x20000580                errno
 .bss.__lock___malloc_recursive_mutex
                0x20000584        0x1 H:/ALL_LI~2/CLION_~1/ARM-NO~1.3/142BCE~1.3RE/bin/../lib/gcc/arm-none-eabi/14.3.1/../../../../arm-none-eabi/lib/thumb/v7e-m+fp/hard\libg_nano.a(libc_a-lock.o)
                0x20000584                __lock___malloc_recursive_mutex
 *(COMMON)
                0x20000588                        . = ALIGN (0x4)
 *fill*         0x20000585        0x3 
                0x20000588                        _ebss = .
                0x20000588                        __bss_end__ = _ebss
                [!provide]                        PROVIDE (__bss_end = .)
                [!provide]                        PROVIDE (__non_tls_bss_start = ADDR (.bss))
                [!provide]                        PROVIDE (__bss_start = __tbss_start)
                [!provide]                        PROVIDE (__bss_size = (__bss_end - __bss_start))

._user_heap_stack
                0x20000588      0x600 load address 0x0800bb80
                0x20000588                        . = ALIGN (0x8)
                [!provide]                        PROVIDE (end = .)
                0x20000588                        PROVIDE (_end = .)
                0x20000788                        . = (. + _Min_Heap_Size)
 *fill*         0x20000588      0x200 
                0x20000b88                        . = (. + _Min_Stack_Size)
 *fill*         0x20000788      0x400 
                0x20000b88                        . = ALIGN (0x8)

/DISCARD/
 libc.a:*(*)
 libm.a:*(*)
 libgcc.a:*(*)
OUTPUT(EbikeDriver-Demo1.elf elf32-littlearm)
LOAD linker stubs

.ARM.attributes
                0x00000000       0x30
 .ARM.attributes
                0x00000000       0x22 H:/ALL_LI~2/CLION_~1/ARM-NO~1.3/142BCE~1.3RE/bin/../lib/gcc/arm-none-eabi/14.3.1/thumb/v7e-m+fp/hard/crti.o
 .ARM.attributes
                0x00000022       0x34 H:/ALL_LI~2/CLION_~1/ARM-NO~1.3/142BCE~1.3RE/bin/../lib/gcc/arm-none-eabi/14.3.1/thumb/v7e-m+fp/hard/crtbegin.o
 .ARM.attributes
                0x00000056       0x34 cmake/stm32cubemx/CMakeFiles/STM32_Drivers.dir/__/__/Core/Src/system_stm32g4xx.c.obj
 .ARM.attributes
                0x0000008a       0x34 cmake/stm32cubemx/CMakeFiles/STM32_Drivers.dir/__/__/Drivers/STM32G4xx_HAL_Driver/Src/stm32g4xx_hal_adc.c.obj
 .ARM.attributes
                0x000000be       0x34 cmake/stm32cubemx/CMakeFiles/STM32_Drivers.dir/__/__/Drivers/STM32G4xx_HAL_Driver/Src/stm32g4xx_hal_adc_ex.c.obj
 .ARM.attributes
                0x000000f2       0x34 cmake/stm32cubemx/CMakeFiles/STM32_Drivers.dir/__/__/Drivers/STM32G4xx_HAL_Driver/Src/stm32g4xx_hal.c.obj
 .ARM.attributes
                0x00000126       0x34 cmake/stm32cubemx/CMakeFiles/STM32_Drivers.dir/__/__/Drivers/STM32G4xx_HAL_Driver/Src/stm32g4xx_hal_rcc.c.obj
 .ARM.attributes
                0x0000015a       0x34 cmake/stm32cubemx/CMakeFiles/STM32_Drivers.dir/__/__/Drivers/STM32G4xx_HAL_Driver/Src/stm32g4xx_hal_rcc_ex.c.obj
 .ARM.attributes
                0x0000018e       0x34 cmake/stm32cubemx/CMakeFiles/STM32_Drivers.dir/__/__/Drivers/STM32G4xx_HAL_Driver/Src/stm32g4xx_hal_gpio.c.obj
 .ARM.attributes
                0x000001c2       0x34 cmake/stm32cubemx/CMakeFiles/STM32_Drivers.dir/__/__/Drivers/STM32G4xx_HAL_Driver/Src/stm32g4xx_hal_dma.c.obj
 .ARM.attributes
                0x000001f6       0x34 cmake/stm32cubemx/CMakeFiles/STM32_Drivers.dir/__/__/Drivers/STM32G4xx_HAL_Driver/Src/stm32g4xx_hal_pwr_ex.c.obj
 .ARM.attributes
                0x0000022a       0x34 cmake/stm32cubemx/CMakeFiles/STM32_Drivers.dir/__/__/Drivers/STM32G4xx_HAL_Driver/Src/stm32g4xx_hal_cortex.c.obj
 .ARM.attributes
                0x0000025e       0x34 cmake/stm32cubemx/CMakeFiles/STM32_Drivers.dir/__/__/Drivers/STM32G4xx_HAL_Driver/Src/stm32g4xx_hal_tim.c.obj
 .ARM.attributes
                0x00000292       0x34 cmake/stm32cubemx/CMakeFiles/STM32_Drivers.dir/__/__/Drivers/STM32G4xx_HAL_Driver/Src/stm32g4xx_hal_tim_ex.c.obj
 .ARM.attributes
                0x000002c6       0x34 cmake/stm32cubemx/CMakeFiles/STM32_Drivers.dir/__/__/Drivers/STM32G4xx_HAL_Driver/Src/stm32g4xx_hal_uart.c.obj
 .ARM.attributes
                0x000002fa       0x34 cmake/stm32cubemx/CMakeFiles/STM32_Drivers.dir/__/__/Drivers/STM32G4xx_HAL_Driver/Src/stm32g4xx_hal_uart_ex.c.obj
 .ARM.attributes