Removed Pin From Net: NetName=Shunt_UL Pin=JP1_1-1
Removed Pin From Net: NetName=Shunt_UH Pin=JP1_1-2
Removed Pin From Net: NetName=LO-U Pin=JP1_1-3
Removed Pin From Net: NetName=Shunt_BusH Pin=JP1_1-4
Removed Pin From Net: NetName=VS_U Pin=JP1_1-5
Removed Pin From Net: NetName=Shunt_BusL Pin=JP1_1-6
Removed Pin From Net: NetName=HO-U Pin=JP1_1-7
Removed Pin From Net: NetName=HO-U Pin=JP1_1-8
Removed Pin From Net: NetName=Shunt_VH Pin=JP2_1-1
Removed Pin From Net: NetName=Shunt_VL Pin=JP2_1-2
Removed Pin From Net: NetName=LO-V Pin=JP2_1-3
Removed Pin From Net: NetName=LO-V Pin=JP2_1-4
Removed Pin From Net: NetName=VS_V Pin=JP2_1-5
Removed Pin From Net: NetName=VS_V Pin=JP2_1-6
Removed Pin From Net: NetName=HO-V Pin=JP2_1-7
Removed Pin From Net: NetName=HO-V Pin=JP2_1-8
Removed Pin From Net: NetName=Shunt_WL Pin=JP3_1-1
Removed Pin From Net: NetName=Shunt_WH Pin=JP3_1-2
Removed Pin From Net: NetName=LO-W Pin=JP3_1-3
Removed Pin From Net: NetName=LO-W Pin=JP3_1-4
Removed Pin From Net: NetName=VS_W Pin=JP3_1-5
Removed Pin From Net: NetName=VS_W Pin=JP3_1-6
Removed Pin From Net: NetName=HO-W Pin=JP3_1-7
Removed Pin From Net: NetName=HO-W Pin=JP3_1-8
Remove Pin from Net: Failed to remove Pin
Removed Pin From Net: NetName=PGND Pin=JP4-0
Removed Pin From Net: NetName=GND Pin=JP4-0
Removed Pin From Net: NetName=GND Pin=JP5-0
Removed Pin From Net: NetName=GND Pin=JP5-0
Removed Pin From Net: NetName=GND Pin=JP6-0
Removed Pin From Net: NetName=GND Pin=JP6-0
Removed Pin From Net: NetName=GND Pin=U9-9
